Archive member included to satisfy reference by file (symbol)

d:/system/st/stm32cubeide_1.7.0/stm32cubeide/plugins/com.st.stm32cube.ide.mcu.externaltools.gnu-tools-for-stm32.9-2020-q2-update.win32_2.0.0.202105311346/tools/bin/../lib/gcc/arm-none-eabi/9.3.1/../../../../arm-none-eabi/lib/thumb/v7-m/nofp\libc_nano.a(lib_a-errno.o)
                              ./Core/Src/syscalls.o (__errno)
d:/system/st/stm32cubeide_1.7.0/stm32cubeide/plugins/com.st.stm32cube.ide.mcu.externaltools.gnu-tools-for-stm32.9-2020-q2-update.win32_2.0.0.202105311346/tools/bin/../lib/gcc/arm-none-eabi/9.3.1/../../../../arm-none-eabi/lib/thumb/v7-m/nofp\libc_nano.a(lib_a-exit.o)
                              d:/system/st/stm32cubeide_1.7.0/stm32cubeide/plugins/com.st.stm32cube.ide.mcu.externaltools.gnu-tools-for-stm32.9-2020-q2-update.win32_2.0.0.202105311346/tools/bin/../lib/gcc/arm-none-eabi/9.3.1/../../../../arm-none-eabi/lib/thumb/v7-m/nofp/crt0.o (exit)
d:/system/st/stm32cubeide_1.7.0/stm32cubeide/plugins/com.st.stm32cube.ide.mcu.externaltools.gnu-tools-for-stm32.9-2020-q2-update.win32_2.0.0.202105311346/tools/bin/../lib/gcc/arm-none-eabi/9.3.1/../../../../arm-none-eabi/lib/thumb/v7-m/nofp\libc_nano.a(lib_a-impure.o)
                              d:/system/st/stm32cubeide_1.7.0/stm32cubeide/plugins/com.st.stm32cube.ide.mcu.externaltools.gnu-tools-for-stm32.9-2020-q2-update.win32_2.0.0.202105311346/tools/bin/../lib/gcc/arm-none-eabi/9.3.1/../../../../arm-none-eabi/lib/thumb/v7-m/nofp\libc_nano.a(lib_a-exit.o) (_global_impure_ptr)
d:/system/st/stm32cubeide_1.7.0/stm32cubeide/plugins/com.st.stm32cube.ide.mcu.externaltools.gnu-tools-for-stm32.9-2020-q2-update.win32_2.0.0.202105311346/tools/bin/../lib/gcc/arm-none-eabi/9.3.1/../../../../arm-none-eabi/lib/thumb/v7-m/nofp\libc_nano.a(lib_a-init.o)
                              d:/system/st/stm32cubeide_1.7.0/stm32cubeide/plugins/com.st.stm32cube.ide.mcu.externaltools.gnu-tools-for-stm32.9-2020-q2-update.win32_2.0.0.202105311346/tools/bin/../lib/gcc/arm-none-eabi/9.3.1/../../../../arm-none-eabi/lib/thumb/v7-m/nofp/crt0.o (__libc_init_array)
d:/system/st/stm32cubeide_1.7.0/stm32cubeide/plugins/com.st.stm32cube.ide.mcu.externaltools.gnu-tools-for-stm32.9-2020-q2-update.win32_2.0.0.202105311346/tools/bin/../lib/gcc/arm-none-eabi/9.3.1/../../../../arm-none-eabi/lib/thumb/v7-m/nofp\libc_nano.a(lib_a-memset.o)
                              d:/system/st/stm32cubeide_1.7.0/stm32cubeide/plugins/com.st.stm32cube.ide.mcu.externaltools.gnu-tools-for-stm32.9-2020-q2-update.win32_2.0.0.202105311346/tools/bin/../lib/gcc/arm-none-eabi/9.3.1/../../../../arm-none-eabi/lib/thumb/v7-m/nofp/crt0.o (memset)

Allocating common symbols
Common symbol       size              file

PressedFlag         0xa               ./Core/Src/button.o
KeyReg3             0xa               ./Core/Src/button.o
LED_segment         0x3c              ./Core/Src/led7_segment.o
KeyReg0             0xa               ./Core/Src/button.o
red_counter         0x4               ./Core/Src/fsm_automatic.o
uwTick              0x4               ./Drivers/STM32F1xx_HAL_Driver/Src/stm32f1xx_hal.o
pFlash              0x20              ./Drivers/STM32F1xx_HAL_Driver/Src/stm32f1xx_hal_flash.o
KeyReg1             0xa               ./Core/Src/button.o
KeyReg2             0xa               ./Core/Src/button.o
timeForKeyPress     0x28              ./Core/Src/button.o
htim2               0x48              ./Core/Src/main.o
SCH_task_G          0x320             ./Core/Src/Scheduler.o

Discarded input sections

 .text          0x0000000000000000        0x0 d:/system/st/stm32cubeide_1.7.0/stm32cubeide/plugins/com.st.stm32cube.ide.mcu.externaltools.gnu-tools-for-stm32.9-2020-q2-update.win32_2.0.0.202105311346/tools/bin/../lib/gcc/arm-none-eabi/9.3.1/thumb/v7-m/nofp/crti.o
 .data          0x0000000000000000        0x0 d:/system/st/stm32cubeide_1.7.0/stm32cubeide/plugins/com.st.stm32cube.ide.mcu.externaltools.gnu-tools-for-stm32.9-2020-q2-update.win32_2.0.0.202105311346/tools/bin/../lib/gcc/arm-none-eabi/9.3.1/thumb/v7-m/nofp/crti.o
 .bss           0x0000000000000000        0x0 d:/system/st/stm32cubeide_1.7.0/stm32cubeide/plugins/com.st.stm32cube.ide.mcu.externaltools.gnu-tools-for-stm32.9-2020-q2-update.win32_2.0.0.202105311346/tools/bin/../lib/gcc/arm-none-eabi/9.3.1/thumb/v7-m/nofp/crti.o
 .data          0x0000000000000000        0x4 d:/system/st/stm32cubeide_1.7.0/stm32cubeide/plugins/com.st.stm32cube.ide.mcu.externaltools.gnu-tools-for-stm32.9-2020-q2-update.win32_2.0.0.202105311346/tools/bin/../lib/gcc/arm-none-eabi/9.3.1/thumb/v7-m/nofp/crtbegin.o
 .text          0x0000000000000000       0x7c d:/system/st/stm32cubeide_1.7.0/stm32cubeide/plugins/com.st.stm32cube.ide.mcu.externaltools.gnu-tools-for-stm32.9-2020-q2-update.win32_2.0.0.202105311346/tools/bin/../lib/gcc/arm-none-eabi/9.3.1/../../../../arm-none-eabi/lib/thumb/v7-m/nofp/crt0.o
[...]
Memory Configuration

Name             Origin             Length             Attributes
RAM              0x0000000020000000 0x0000000000002800 xrw
FLASH            0x0000000008000000 0x0000000000008000 xr
*default*        0x0000000000000000 0xffffffffffffffff

Linker script and memory map

LOAD d:/system/st/stm32cubeide_1.7.0/stm32cubeide/plugins/com.st.stm32cube.ide.mcu.externaltools.gnu-tools-for-stm32.9-2020-q2-update.win32_2.0.0.202105311346/tools/bin/../lib/gcc/arm-none-eabi/9.3.1/thumb/v7-m/nofp/crti.o
LOAD d:/system/st/stm32cubeide_1.7.0/stm32cubeide/plugins/com.st.stm32cube.ide.mcu.externaltools.gnu-tools-for-stm32.9-2020-q2-update.win32_2.0.0.202105311346/tools/bin/../lib/gcc/arm-none-eabi/9.3.1/thumb/v7-m/nofp/crtbegin.o
LOAD d:/system/st/stm32cubeide_1.7.0/stm32cubeide/plugins/com.st.stm32cube.ide.mcu.externaltools.gnu-tools-for-stm32.9-2020-q2-update.win32_2.0.0.202105311346/tools/bin/../lib/gcc/arm-none-eabi/9.3.1/../../../../arm-none-eabi/lib/thumb/v7-m/nofp/crt0.o
LOAD ./Core/Src/Scheduler.o
LOAD ./Core/Src/button.o
LOAD ./Core/Src/fsm_automatic.o
LOAD ./Core/Src/fsm_manual.o
LOAD ./Core/Src/fsm_setting.o
LOAD ./Core/Src/global.o
LOAD ./Core/Src/led7_segment.o
LOAD ./Core/Src/main.o
LOAD ./Core/Src/software_timer.o
LOAD ./Core/Src/stm32f1xx_hal_msp.o
LOAD ./Core/Src/stm32f1xx_it.o
LOAD ./Core/Src/syscalls.o
LOAD ./Core/Src/sysmem.o
LOAD ./Core/Src/system_stm32f1xx.o
LOAD ./Core/Src/traffic_light.o
LOAD ./Core/Startup/startup_stm32f103c6tx.o
LOAD ./Drivers/STM32F1xx_HAL_Driver/Src/stm32f1xx_hal.o
LOAD ./Drivers/STM32F1xx_HAL_Driver/Src/stm32f1xx_hal_cortex.o
LOAD ./Drivers/STM32F1xx_HAL_Driver/Src/stm32f1xx_hal_dma.o
LOAD ./Drivers/STM32F1xx_HAL_Driver/Src/stm32f1xx_hal_exti.o
LOAD ./Drivers/STM32F1xx_HAL_Driver/Src/stm32f1xx_hal_flash.o
LOAD ./Drivers/STM32F1xx_HAL_Driver/Src/stm32f1xx_hal_flash_ex.o
LOAD ./Drivers/STM32F1xx_HAL_Driver/Src/stm32f1xx_hal_gpio.o
LOAD ./Drivers/STM32F1xx_HAL_Driver/Src/stm32f1xx_hal_gpio_ex.o
LOAD ./Drivers/STM32F1xx_HAL_Driver/Src/stm32f1xx_hal_pwr.o
LOAD ./Drivers/STM32F1xx_HAL_Driver/Src/stm32f1xx_hal_rcc.o
LOAD ./Drivers/STM32F1xx_HAL_Driver/Src/stm32f1xx_hal_rcc_ex.o
LOAD ./Drivers/STM32F1xx_HAL_Driver/Src/stm32f1xx_hal_tim.o
LOAD ./Drivers/STM32F1xx_HAL_Driver/Src/stm32f1xx_hal_tim_ex.o
START GROUP
LOAD d:/system/st/stm32cubeide_1.7.0/stm32cubeide/plugins/com.st.stm32cube.ide.mcu.externaltools.gnu-tools-for-stm32.9-2020-q2-update.win32_2.0.0.202105311346/tools/bin/../lib/gcc/arm-none-eabi/9.3.1/../../../../arm-none-eabi/lib/thumb/v7-m/nofp\libc_nano.a
LOAD d:/system/st/stm32cubeide_1.7.0/stm32cubeide/plugins/com.st.stm32cube.ide.mcu.externaltools.gnu-tools-for-stm32.9-2020-q2-update.win32_2.0.0.202105311346/tools/bin/../lib/gcc/arm-none-eabi/9.3.1/../../../../arm-none-eabi/lib/thumb/v7-m/nofp\libm.a
END GROUP
START GROUP
LOAD d:/system/st/stm32cubeide_1.7.0/stm32cubeide/plugins/com.st.stm32cube.ide.mcu.externaltools.gnu-tools-for-stm32.9-2020-q2-update.win32_2.0.0.202105311346/tools/bin/../lib/gcc/arm-none-eabi/9.3.1/thumb/v7-m/nofp\libgcc.a
LOAD d:/system/st/stm32cubeide_1.7.0/stm32cubeide/plugins/com.st.stm32cube.ide.mcu.externaltools.gnu-tools-for-stm32.9-2020-q2-update.win32_2.0.0.202105311346/tools/bin/../lib/gcc/arm-none-eabi/9.3.1/../../../../arm-none-eabi/lib/thumb/v7-m/nofp\libc_nano.a
END GROUP
START GROUP
LOAD d:/system/st/stm32cubeide_1.7.0/stm32cubeide/plugins/com.st.stm32cube.ide.mcu.externaltools.gnu-tools-for-stm32.9-2020-q2-update.win32_2.0.0.202105311346/tools/bin/../lib/gcc/arm-none-eabi/9.3.1/thumb/v7-m/nofp\libgcc.a
LOAD d:/system/st/stm32cubeide_1.7.0/stm32cubeide/plugins/com.st.stm32cube.ide.mcu.externaltools.gnu-tools-for-stm32.9-2020-q2-update.win32_2.0.0.202105311346/tools/bin/../lib/gcc/arm-none-eabi/9.3.1/../../../../arm-none-eabi/lib/thumb/v7-m/nofp\libc_nano.a
LOAD d:/system/st/stm32cubeide_1.7.0/stm32cubeide/plugins/com.st.stm32cube.ide.mcu.externaltools.gnu-tools-for-stm32.9-2020-q2-update.win32_2.0.0.202105311346/tools/bin/../lib/gcc/arm-none-eabi/9.3.1/../../../../arm-none-eabi/lib/thumb/v7-m/nofp\libnosys.a
END GROUP
START GROUP
LOAD d:/system/st/stm32cubeide_1.7.0/stm32cubeide/plugins/com.st.stm32cube.ide.mcu.externaltools.gnu-tools-for-stm32.9-2020-q2-update.win32_2.0.0.202105311346/tools/bin/../lib/gcc/arm-none-eabi/9.3.1/thumb/v7-m/nofp\libgcc.a
LOAD d:/system/st/stm32cubeide_1.7.0/stm32cubeide/plugins/com.st.stm32cube.ide.mcu.externaltools.gnu-tools-for-stm32.9-2020-q2-update.win32_2.0.0.202105311346/tools/bin/../lib/gcc/arm-none-eabi/9.3.1/../../../../arm-none-eabi/lib/thumb/v7-m/nofp\libc_nano.a
LOAD d:/system/st/stm32cubeide_1.7.0/stm32cubeide/plugins/com.st.stm32cube.ide.mcu.externaltools.gnu-tools-for-stm32.9-2020-q2-update.win32_2.0.0.202105311346/tools/bin/../lib/gcc/arm-none-eabi/9.3.1/../../../../arm-none-eabi/lib/thumb/v7-m/nofp\libnosys.a
END GROUP
LOAD d:/system/st/stm32cubeide_1.7.0/stm32cubeide/plugins/com.st.stm32cube.ide.mcu.externaltools.gnu-tools-for-stm32.9-2020-q2-update.win32_2.0.0.202105311346/tools/bin/../lib/gcc/arm-none-eabi/9.3.1/thumb/v7-m/nofp/crtend.o
LOAD d:/system/st/stm32cubeide_1.7.0/stm32cubeide/plugins/com.st.stm32cube.ide.mcu.externaltools.gnu-tools-for-stm32.9-2020-q2-update.win32_2.0.0.202105311346/tools/bin/../lib/gcc/arm-none-eabi/9.3.1/thumb/v7-m/nofp/crtn.o
                0x0000000020002800                _estack = (ORIGIN (RAM) + LENGTH (RAM))
                0x0000000000000200                _Min_Heap_Size = 0x200
                0x0000000000000400                _Min_Stack_Size = 0x400

.isr_vector     0x0000000008000000      0x10c
                0x0000000008000000                . = ALIGN (0x4)
 *(.isr_vector)
 .isr_vector    0x0000000008000000      0x10c ./Core/Startup/startup_stm32f103c6tx.o
                0x0000000008000000                g_pfnVectors
                0x000000000800010c                . = ALIGN (0x4)

.text           0x000000000800010c     0x2af0
                0x000000000800010c                . = ALIGN (0x4)
 *(.text)
 .text          0x000000000800010c       0x40 d:/system/st/stm32cubeide_1.7.0/stm32cubeide/plugins/com.st.stm32cube.ide.mcu.externaltools.gnu-tools-for-stm32.9-2020-q2-update.win32_2.0.0.202105311346/tools/bin/../lib/gcc/arm-none-eabi/9.3.1/thumb/v7-m/nofp/crtbegin.o
 *(.text*)
 .text.SCH_Init
                0x000000000800014c       0x28 ./Core/Src/Scheduler.o
                0x000000000800014c                SCH_Init
 .text.SCH_Add_Task
                0x0000000008000174       0xc0 ./Core/Src/Scheduler.o
                0x0000000008000174                SCH_Add_Task
 .text.SCH_Update
                0x0000000008000234       0xe0 ./Core/Src/Scheduler.o
                0x0000000008000234                SCH_Update
 .text.SCH_Dispatch_Tasks
                0x0000000008000314       0x94 ./Core/Src/Scheduler.o
                0x0000000008000314                SCH_Dispatch_Tasks
 .text.SCH_Delete_Task
                0x00000000080003a8       0x90 ./Core/Src/Scheduler.o
                0x00000000080003a8                SCH_Delete_Task
 .text.get_input_button
                0x0000000008000438       0x50 ./Core/Src/button.o
                0x0000000008000438                get_input_button
 .text.get_pressed_flag
                0x0000000008000488       0x20 ./Core/Src/button.o
                0x0000000008000488                get_pressed_flag
 .text.set_pressed_flag
                0x00000000080004a8       0x20 ./Core/Src/button.o
                0x00000000080004a8                set_pressed_flag
 .text.getInputKey
                0x00000000080004c8       0xfc ./Core/Src/button.o
                0x00000000080004c8                getInputKey
 .text.fsm_automatic
                0x00000000080005c4      0x200 ./Core/Src/fsm_automatic.o
                0x00000000080005c4                fsm_automatic
 .text.fsm_manual
                0x00000000080007c4      0x1ec ./Core/Src/fsm_manual.o
                0x00000000080007c4                fsm_manual
 .text.fsm_setting
                0x00000000080009b0       0xe4 ./Core/Src/fsm_setting.o
                0x00000000080009b0                fsm_setting
 .text.init_display
                0x0000000008000a94       0x78 ./Core/Src/led7_segment.o
                0x0000000008000a94                init_display
 .text.display7SEG
                0x0000000008000b0c       0x9c ./Core/Src/led7_segment.o
                0x0000000008000b0c                display7SEG
 .text.clear_all_LED
                0x0000000008000ba8       0x24 ./Core/Src/led7_segment.o
                0x0000000008000ba8                clear_all_LED
 .text.execute_7SEG_LED
                0x0000000008000bcc      0x14c ./Core/Src/led7_segment.o
                0x0000000008000bcc                execute_7SEG_LED
 .text.enableSEG
                0x0000000008000d18       0x60 ./Core/Src/led7_segment.o
                0x0000000008000d18                enableSEG
 .text.update_segment_buffer
                0x0000000008000d78       0x70 ./Core/Src/led7_segment.o
                0x0000000008000d78                update_segment_buffer
 .text.scan_led7_segment
                0x0000000008000de8       0xb8 ./Core/Src/led7_segment.o
                0x0000000008000de8                scan_led7_segment
 .text.HAL_TIM_PeriodElapsedCallback
                0x0000000008000ea0       0x2c ./Core/Src/main.o
                0x0000000008000ea0                HAL_TIM_PeriodElapsedCallback
 .text.Blink_LED
                0x0000000008000ecc       0x14 ./Core/Src/main.o
                0x0000000008000ecc                Blink_LED
 .text.main     0x0000000008000ee0       0xb4 ./Core/Src/main.o
                0x0000000008000ee0                main
 .text.SystemClock_Config
                0x0000000008000f94       0x76 ./Core/Src/main.o
                0x0000000008000f94                SystemClock_Config
 *fill*         0x000000000800100a        0x2 
 .text.MX_TIM2_Init
                0x000000000800100c       0x98 ./Core/Src/main.o
 .text.MX_GPIO_Init
                0x00000000080010a4       0xe0 ./Core/Src/main.o
 .text.Error_Handler
                0x0000000008001184        0xa ./Core/Src/main.o
                0x0000000008001184                Error_Handler
 *fill*         0x000000000800118e        0x2 
 .text.setTimer
                0x0000000008001190       0x3c ./Core/Src/software_timer.o
                0x0000000008001190                setTimer
 .text.timeRun  0x00000000080011cc       0x54 ./Core/Src/software_timer.o
                0x00000000080011cc                timeRun
 .text.getTimerFlag
                0x0000000008001220       0x20 ./Core/Src/software_timer.o
                0x0000000008001220                getTimerFlag
 .text.setTimerFlag
                0x0000000008001240       0x24 ./Core/Src/software_timer.o
                0x0000000008001240                setTimerFlag
 .text.HAL_MspInit
                0x0000000008001264       0x64 ./Core/Src/stm32f1xx_hal_msp.o
                0x0000000008001264                HAL_MspInit
 .text.HAL_TIM_Base_MspInit
                0x00000000080012c8       0x48 ./Core/Src/stm32f1xx_hal_msp.o
                0x00000000080012c8                HAL_TIM_Base_MspInit
 .text.NMI_Handler
                0x0000000008001310        0x6 ./Core/Src/stm32f1xx_it.o
                0x0000000008001310                NMI_Handler
 .text.HardFault_Handler
                0x0000000008001316        0x6 ./Core/Src/stm32f1xx_it.o
                0x0000000008001316                HardFault_Handler
 .text.MemManage_Handler
                0x000000000800131c        0x6 ./Core/Src/stm32f1xx_it.o
                0x000000000800131c                MemManage_Handler
 .text.BusFault_Handler
                0x0000000008001322        0x6 ./Core/Src/stm32f1xx_it.o
                0x0000000008001322                BusFault_Handler
 .text.UsageFault_Handler
                0x0000000008001328        0x6 ./Core/Src/stm32f1xx_it.o
                0x0000000008001328                UsageFault_Handler
 .text.SVC_Handler
                0x000000000800132e        0xc ./Core/Src/stm32f1xx_it.o
                0x000000000800132e                SVC_Handler
 .text.DebugMon_Handler
                0x000000000800133a        0xc ./Core/Src/stm32f1xx_it.o
                0x000000000800133a                DebugMon_Handler
 .text.PendSV_Handler
                0x0000000008001346        0xc ./Core/Src/stm32f1xx_it.o
                0x0000000008001346                PendSV_Handler
 .text.SysTick_Handler
                0x0000000008001352        0xc ./Core/Src/stm32f1xx_it.o
                0x0000000008001352                SysTick_Handler
 *fill*         0x000000000800135e        0x2 
 .text.TIM2_IRQHandler
                0x0000000008001360       0x14 ./Core/Src/stm32f1xx_it.o
                0x0000000008001360                TIM2_IRQHandler
 .text.SystemInit
                0x0000000008001374        0xc ./Core/Src/system_stm32f1xx.o
                0x0000000008001374                SystemInit
 .text.display_led_traffic
                0x0000000008001380       0x7c ./Core/Src/traffic_light.o
                0x0000000008001380                display_led_traffic
 .text.led_red_and_green
                0x00000000080013fc       0x20 ./Core/Src/traffic_light.o
                0x00000000080013fc                led_red_and_green
 .text.led_red_and_yellow
                0x000000000800141c       0x20 ./Core/Src/traffic_light.o
                0x000000000800141c                led_red_and_yellow
 .text.led_green_and_red
                0x000000000800143c       0x20 ./Core/Src/traffic_light.o
                0x000000000800143c                led_green_and_red
 .text.led_yellow_and_red
                0x000000000800145c       0x20 ./Core/Src/traffic_light.o
                0x000000000800145c                led_yellow_and_red
 .text.toggle_led_red
                0x000000000800147c       0x50 ./Core/Src/traffic_light.o
                0x000000000800147c                toggle_led_red
 .text.toggle_led_yellow
                0x00000000080014cc       0x50 ./Core/Src/traffic_light.o
                0x00000000080014cc                toggle_led_yellow
 .text.toggle_led_green
                0x000000000800151c       0x50 ./Core/Src/traffic_light.o
                0x000000000800151c                toggle_led_green
 .text.Reset_Handler
                0x000000000800156c       0x48 ./Core/Startup/startup_stm32f103c6tx.o
                0x000000000800156c                Reset_Handler
 .text.Default_Handler
                0x00000000080015b4        0x2 ./Core/Startup/startup_stm32f103c6tx.o
                0x00000000080015b4                RTC_Alarm_IRQHandler
                0x00000000080015b4                EXTI2_IRQHandler
                0x00000000080015b4                TIM1_CC_IRQHandler
                0x00000000080015b4                PVD_IRQHandler
                0x00000000080015b4                EXTI3_IRQHandler
                0x00000000080015b4                EXTI0_IRQHandler
                0x00000000080015b4                ADC1_2_IRQHandler
                0x00000000080015b4                SPI1_IRQHandler
                0x00000000080015b4                TAMPER_IRQHandler
                0x00000000080015b4                DMA1_Channel4_IRQHandler
                0x00000000080015b4                RTC_IRQHandler
                0x00000000080015b4                DMA1_Channel7_IRQHandler
                0x00000000080015b4                CAN1_RX1_IRQHandler
                0x00000000080015b4                I2C1_EV_IRQHandler
                0x00000000080015b4                DMA1_Channel6_IRQHandler
                0x00000000080015b4                TIM3_IRQHandler
                0x00000000080015b4                RCC_IRQHandler
                0x00000000080015b4                TIM1_TRG_COM_IRQHandler
                0x00000000080015b4                DMA1_Channel1_IRQHandler
                0x00000000080015b4                Default_Handler
                0x00000000080015b4                EXTI15_10_IRQHandler
                0x00000000080015b4                EXTI9_5_IRQHandler
                0x00000000080015b4                DMA1_Channel5_IRQHandler
                0x00000000080015b4                EXTI4_IRQHandler
                0x00000000080015b4                USB_LP_CAN1_RX0_IRQHandler
                0x00000000080015b4                USB_HP_CAN1_TX_IRQHandler
                0x00000000080015b4                DMA1_Channel3_IRQHandler
                0x00000000080015b4                TIM1_UP_IRQHandler
                0x00000000080015b4                WWDG_IRQHandler
                0x00000000080015b4                TIM1_BRK_IRQHandler
                0x00000000080015b4                EXTI1_IRQHandler
                0x00000000080015b4                USART2_IRQHandler
                0x00000000080015b4                DMA1_Channel2_IRQHandler
                0x00000000080015b4                CAN1_SCE_IRQHandler
                0x00000000080015b4                FLASH_IRQHandler
                0x00000000080015b4                USART1_IRQHandler
                0x00000000080015b4                I2C1_ER_IRQHandler
                0x00000000080015b4                USBWakeUp_IRQHandler
 *fill*         0x00000000080015b6        0x2 
 .text.HAL_Init
                0x00000000080015b8       0x2c ./Drivers/STM32F1xx_HAL_Driver/Src/stm32f1xx_hal.o
                0x00000000080015b8                HAL_Init
 .text.HAL_InitTick
                0x00000000080015e4       0x60 ./Drivers/STM32F1xx_HAL_Driver/Src/stm32f1xx_hal.o
                0x00000000080015e4                HAL_InitTick
 .text.HAL_IncTick
                0x0000000008001644       0x24 ./Drivers/STM32F1xx_HAL_Driver/Src/stm32f1xx_hal.o
                0x0000000008001644                HAL_IncTick
 .text.HAL_GetTick
                0x0000000008001668       0x14 ./Drivers/STM32F1xx_HAL_Driver/Src/stm32f1xx_hal.o
                0x0000000008001668                HAL_GetTick
 .text.__NVIC_SetPriorityGrouping
                0x000000000800167c       0x48 ./Drivers/STM32F1xx_HAL_Driver/Src/stm32f1xx_hal_cortex.o
 .text.__NVIC_GetPriorityGrouping
                0x00000000080016c4       0x1c ./Drivers/STM32F1xx_HAL_Driver/Src/stm32f1xx_hal_cortex.o
 .text.__NVIC_EnableIRQ
                0x00000000080016e0       0x38 ./Drivers/STM32F1xx_HAL_Driver/Src/stm32f1xx_hal_cortex.o
 .text.__NVIC_SetPriority
                0x0000000008001718       0x54 ./Drivers/STM32F1xx_HAL_Driver/Src/stm32f1xx_hal_cortex.o
 .text.NVIC_EncodePriority
                0x000000000800176c       0x64 ./Drivers/STM32F1xx_HAL_Driver/Src/stm32f1xx_hal_cortex.o
 .text.SysTick_Config
                0x00000000080017d0       0x44 ./Drivers/STM32F1xx_HAL_Driver/Src/stm32f1xx_hal_cortex.o
 .text.HAL_NVIC_SetPriorityGrouping
                0x0000000008001814       0x16 ./Drivers/STM32F1xx_HAL_Driver/Src/stm32f1xx_hal_cortex.o
                0x0000000008001814                HAL_NVIC_SetPriorityGrouping
 .text.HAL_NVIC_SetPriority
                0x000000000800182a       0x38 ./Drivers/STM32F1xx_HAL_Driver/Src/stm32f1xx_hal_cortex.o
                0x000000000800182a                HAL_NVIC_SetPriority
 .text.HAL_NVIC_EnableIRQ
                0x0000000008001862       0x1c ./Drivers/STM32F1xx_HAL_Driver/Src/stm32f1xx_hal_cortex.o
                0x0000000008001862                HAL_NVIC_EnableIRQ
 .text.HAL_SYSTICK_Config
                0x000000000800187e       0x18 ./Drivers/STM32F1xx_HAL_Driver/Src/stm32f1xx_hal_cortex.o
                0x000000000800187e                HAL_SYSTICK_Config
 *fill*         0x0000000008001896        0x2 
 .text.HAL_GPIO_Init
                0x0000000008001898      0x2f4 ./Drivers/STM32F1xx_HAL_Driver/Src/stm32f1xx_hal_gpio.o
                0x0000000008001898                HAL_GPIO_Init
 .text.HAL_GPIO_ReadPin
                0x0000000008001b8c       0x2e ./Drivers/STM32F1xx_HAL_Driver/Src/stm32f1xx_hal_gpio.o
                0x0000000008001b8c                HAL_GPIO_ReadPin
 .text.HAL_GPIO_WritePin
                0x0000000008001bba       0x30 ./Drivers/STM32F1xx_HAL_Driver/Src/stm32f1xx_hal_gpio.o
                0x0000000008001bba                HAL_GPIO_WritePin
 .text.HAL_GPIO_TogglePin
                0x0000000008001bea       0x32 ./Drivers/STM32F1xx_HAL_Driver/Src/stm32f1xx_hal_gpio.o
                0x0000000008001bea                HAL_GPIO_TogglePin
 .text.HAL_RCC_OscConfig
                0x0000000008001c1c      0x500 ./Drivers/STM32F1xx_HAL_Driver/Src/stm32f1xx_hal_rcc.o
                0x0000000008001c1c                HAL_RCC_OscConfig
 .text.HAL_RCC_ClockConfig
                0x000000000800211c      0x1d4 ./Drivers/STM32F1xx_HAL_Driver/Src/stm32f1xx_hal_rcc.o
                0x000000000800211c                HAL_RCC_ClockConfig
 .text.HAL_RCC_GetSysClockFreq
                0x00000000080022f0       0xa8 ./Drivers/STM32F1xx_HAL_Driver/Src/stm32f1xx_hal_rcc.o
                0x00000000080022f0                HAL_RCC_GetSysClockFreq
 .text.RCC_Delay
                0x0000000008002398       0x3c ./Drivers/STM32F1xx_HAL_Driver/Src/stm32f1xx_hal_rcc.o
 .text.HAL_TIM_Base_Init
                0x00000000080023d4       0x9e ./Drivers/STM32F1xx_HAL_Driver/Src/stm32f1xx_hal_tim.o
                0x00000000080023d4                HAL_TIM_Base_Init
 *fill*         0x0000000008002472        0x2 
 .text.HAL_TIM_Base_Start_IT
                0x0000000008002474       0x98 ./Drivers/STM32F1xx_HAL_Driver/Src/stm32f1xx_hal_tim.o
                0x0000000008002474                HAL_TIM_Base_Start_IT
 .text.HAL_TIM_IRQHandler
                0x000000000800250c      0x1e0 ./Drivers/STM32F1xx_HAL_Driver/Src/stm32f1xx_hal_tim.o
                0x000000000800250c                HAL_TIM_IRQHandler
 .text.HAL_TIM_ConfigClockSource
                0x00000000080026ec      0x18e ./Drivers/STM32F1xx_HAL_Driver/Src/stm32f1xx_hal_tim.o
                0x00000000080026ec                HAL_TIM_ConfigClockSource
 .text.HAL_TIM_OC_DelayElapsedCallback
                0x000000000800287a       0x12 ./Drivers/STM32F1xx_HAL_Driver/Src/stm32f1xx_hal_tim.o
                0x000000000800287a                HAL_TIM_OC_DelayElapsedCallback
 .text.HAL_TIM_IC_CaptureCallback
                0x000000000800288c       0x12 ./Drivers/STM32F1xx_HAL_Driver/Src/stm32f1xx_hal_tim.o
                0x000000000800288c                HAL_TIM_IC_CaptureCallback
 .text.HAL_TIM_PWM_PulseFinishedCallback
                0x000000000800289e       0x12 ./Drivers/STM32F1xx_HAL_Driver/Src/stm32f1xx_hal_tim.o
                0x000000000800289e                HAL_TIM_PWM_PulseFinishedCallback
 .text.HAL_TIM_TriggerCallback
                0x00000000080028b0       0x12 ./Drivers/STM32F1xx_HAL_Driver/Src/stm32f1xx_hal_tim.o
                0x00000000080028b0                HAL_TIM_TriggerCallback
 *fill*         0x00000000080028c2        0x2 
 .text.TIM_Base_SetConfig
                0x00000000080028c4       0xc8 ./Drivers/STM32F1xx_HAL_Driver/Src/stm32f1xx_hal_tim.o
                0x00000000080028c4                TIM_Base_SetConfig
 .text.TIM_TI1_ConfigInputStage
                0x000000000800298c       0x5c ./Drivers/STM32F1xx_HAL_Driver/Src/stm32f1xx_hal_tim.o
 .text.TIM_TI2_ConfigInputStage
                0x00000000080029e8       0x5e ./Drivers/STM32F1xx_HAL_Driver/Src/stm32f1xx_hal_tim.o
 .text.TIM_ITRx_SetConfig
                0x0000000008002a46       0x34 ./Drivers/STM32F1xx_HAL_Driver/Src/stm32f1xx_hal_tim.o
 .text.TIM_ETR_SetConfig
                0x0000000008002a7a       0x3e ./Drivers/STM32F1xx_HAL_Driver/Src/stm32f1xx_hal_tim.o
                0x0000000008002a7a                TIM_ETR_SetConfig
 .text.HAL_TIMEx_MasterConfigSynchronization
                0x0000000008002ab8       0xb0 ./Drivers/STM32F1xx_HAL_Driver/Src/stm32f1xx_hal_tim_ex.o
                0x0000000008002ab8                HAL_TIMEx_MasterConfigSynchronization
 .text.HAL_TIMEx_CommutCallback
                0x0000000008002b68       0x12 ./Drivers/STM32F1xx_HAL_Driver/Src/stm32f1xx_hal_tim_ex.o
                0x0000000008002b68                HAL_TIMEx_CommutCallback
 .text.HAL_TIMEx_BreakCallback
                0x0000000008002b7a       0x12 ./Drivers/STM32F1xx_HAL_Driver/Src/stm32f1xx_hal_tim_ex.o
                0x0000000008002b7a                HAL_TIMEx_BreakCallback
 .text.__libc_init_array
                0x0000000008002b8c       0x48 d:/system/st/stm32cubeide_1.7.0/stm32cubeide/plugins/com.st.stm32cube.ide.mcu.externaltools.gnu-tools-for-stm32.9-2020-q2-update.win32_2.0.0.202105311346/tools/bin/../lib/gcc/arm-none-eabi/9.3.1/../../../../arm-none-eabi/lib/thumb/v7-m/nofp\libc_nano.a(lib_a-init.o)
                0x0000000008002b8c                __libc_init_array
 .text.memset   0x0000000008002bd4       0x10 d:/system/st/stm32cubeide_1.7.0/stm32cubeide/plugins/com.st.stm32cube.ide.mcu.externaltools.gnu-tools-for-stm32.9-2020-q2-update.win32_2.0.0.202105311346/tools/bin/../lib/gcc/arm-none-eabi/9.3.1/../../../../arm-none-eabi/lib/thumb/v7-m/nofp\libc_nano.a(lib_a-memset.o)
                0x0000000008002bd4                memset
 *(.glue_7)
 .glue_7        0x0000000008002be4        0x0 linker stubs
 *(.glue_7t)
 .glue_7t       0x0000000008002be4        0x0 linker stubs
 *(.eh_frame)
 .eh_frame      0x0000000008002be4        0x0 d:/system/st/stm32cubeide_1.7.0/stm32cubeide/plugins/com.st.stm32cube.ide.mcu.externaltools.gnu-tools-for-stm32.9-2020-q2-update.win32_2.0.0.202105311346/tools/bin/../lib/gcc/arm-none-eabi/9.3.1/thumb/v7-m/nofp/crtbegin.o
 *(.init)
 .init          0x0000000008002be4        0x4 d:/system/st/stm32cubeide_1.7.0/stm32cubeide/plugins/com.st.stm32cube.ide.mcu.externaltools.gnu-tools-for-stm32.9-2020-q2-update.win32_2.0.0.202105311346/tools/bin/../lib/gcc/arm-none-eabi/9.3.1/thumb/v7-m/nofp/crti.o
                0x0000000008002be4                _init
 .init          0x0000000008002be8        0x8 d:/system/st/stm32cubeide_1.7.0/stm32cubeide/plugins/com.st.stm32cube.ide.mcu.externaltools.gnu-tools-for-stm32.9-2020-q2-update.win32_2.0.0.202105311346/tools/bin/../lib/gcc/arm-none-eabi/9.3.1/thumb/v7-m/nofp/crtn.o
 *(.fini)
 .fini          0x0000000008002bf0        0x4 d:/system/st/stm32cubeide_1.7.0/stm32cubeide/plugins/com.st.stm32cube.ide.mcu.externaltools.gnu-tools-for-stm32.9-2020-q2-update.win32_2.0.0.202105311346/tools/bin/../lib/gcc/arm-none-eabi/9.3.1/thumb/v7-m/nofp/crti.o
                0x0000000008002bf0                _fini
 .fini          0x0000000008002bf4        0x8 d:/system/st/stm32cubeide_1.7.0/stm32cubeide/plugins/com.st.stm32cube.ide.mcu.externaltools.gnu-tools-for-stm32.9-2020-q2-update.win32_2.0.0.202105311346/tools/bin/../lib/gcc/arm-none-eabi/9.3.1/thumb/v7-m/nofp/crtn.o
                0x0000000008002bfc                . = ALIGN (0x4)
                0x0000000008002bfc                _etext = .

.vfp11_veneer   0x0000000008002bfc        0x0
 .vfp11_veneer  0x0000000008002bfc        0x0 linker stubs

.v4_bx          0x0000000008002bfc        0x0
 .v4_bx         0x0000000008002bfc        0x0 linker stubs

.iplt           0x0000000008002bfc        0x0
 .iplt          0x0000000008002bfc        0x0 d:/system/st/stm32cubeide_1.7.0/stm32cubeide/plugins/com.st.stm32cube.ide.mcu.externaltools.gnu-tools-for-stm32.9-2020-q2-update.win32_2.0.0.202105311346/tools/bin/../lib/gcc/arm-none-eabi/9.3.1/thumb/v7-m/nofp/crtbegin.o

.rodata         0x0000000008002bfc       0x24
                0x0000000008002bfc                . = ALIGN (0x4)
 *(.rodata)
 *(.rodata*)
 .rodata.AHBPrescTable
                0x0000000008002bfc       0x10 ./Core/Src/system_stm32f1xx.o
                0x0000000008002bfc                AHBPrescTable
 .rodata.aPLLMULFactorTable.6032
                0x0000000008002c0c       0x10 ./Drivers/STM32F1xx_HAL_Driver/Src/stm32f1xx_hal_rcc.o
 .rodata.aPredivFactorTable.6033
                0x0000000008002c1c        0x2 ./Drivers/STM32F1xx_HAL_Driver/Src/stm32f1xx_hal_rcc.o
                0x0000000008002c20                . = ALIGN (0x4)
 *fill*         0x0000000008002c1e        0x2 

.rel.dyn        0x0000000008002c20        0x0
 .rel.iplt      0x0000000008002c20        0x0 d:/system/st/stm32cubeide_1.7.0/stm32cubeide/plugins/com.st.stm32cube.ide.mcu.externaltools.gnu-tools-for-stm32.9-2020-q2-update.win32_2.0.0.202105311346/tools/bin/../lib/gcc/arm-none-eabi/9.3.1/thumb/v7-m/nofp/crtbegin.o

.ARM.extab      0x0000000008002c20        0x0
                0x0000000008002c20                . = ALIGN (0x4)
 *(.ARM.extab* .gnu.linkonce.armextab.*)
                0x0000000008002c20                . = ALIGN (0x4)

.ARM            0x0000000008002c20        0x0
                0x0000000008002c20                . = ALIGN (0x4)
                0x0000000008002c20                __exidx_start = .
 *(.ARM.exidx*)
                0x0000000008002c20                __exidx_end = .
                0x0000000008002c20                . = ALIGN (0x4)

.preinit_array  0x0000000008002c20        0x0
                0x0000000008002c20                . = ALIGN (0x4)
                0x0000000008002c20                PROVIDE (__preinit_array_start = .)
 *(.preinit_array*)
                0x0000000008002c20                PROVIDE (__preinit_array_end = .)
                0x0000000008002c20                . = ALIGN (0x4)

.init_array     0x0000000008002c20        0x4
                0x0000000008002c20                . = ALIGN (0x4)
                0x0000000008002c20                PROVIDE (__init_array_start = .)
 *(SORT_BY_NAME(.init_array.*))
 *(.init_array*)
 .init_array    0x0000000008002c20        0x4 d:/system/st/stm32cubeide_1.7.0/stm32cubeide/plugins/com.st.stm32cube.ide.mcu.externaltools.gnu-tools-for-stm32.9-2020-q2-update.win32_2.0.0.202105311346/tools/bin/../lib/gcc/arm-none-eabi/9.3.1/thumb/v7-m/nofp/crtbegin.o
                0x0000000008002c24                PROVIDE (__init_array_end = .)
                0x0000000008002c24                . = ALIGN (0x4)

.fini_array     0x0000000008002c24        0x4
                0x0000000008002c24                . = ALIGN (0x4)
                [!provide]                        PROVIDE (__fini_array_start = .)
 *(SORT_BY_NAME(.fini_array.*))
 *(.fini_array*)
 .fini_array    0x0000000008002c24        0x4 d:/system/st/stm32cubeide_1.7.0/stm32cubeide/plugins/com.st.stm32cube.ide.mcu.externaltools.gnu-tools-for-stm32.9-2020-q2-update.win32_2.0.0.202105311346/tools/bin/../lib/gcc/arm-none-eabi/9.3.1/thumb/v7-m/nofp/crtbegin.o
                [!provide]                        PROVIDE (__fini_array_end = .)
                0x0000000008002c28                . = ALIGN (0x4)
                0x0000000008002c28                _sidata = LOADADDR (.data)

.data           0x0000000020000000       0x1c load address 0x0000000008002c28
                0x0000000020000000                . = ALIGN (0x4)
                0x0000000020000000                _sdata = .
 *(.data)
 *(.data*)
 .data.green_time
                0x0000000020000000        0x4 ./Core/Src/global.o
                0x0000000020000000                green_time
 .data.yellow_time
                0x0000000020000004        0x4 ./Core/Src/global.o
                0x0000000020000004                yellow_time
 .data.red_time
                0x0000000020000008        0x4 ./Core/Src/global.o
                0x0000000020000008                red_time
 .data.SystemCoreClock
                0x000000002000000c        0x4 ./Core/Src/system_stm32f1xx.o
                0x000000002000000c                SystemCoreClock
 .data.toggle   0x0000000020000010        0x1 ./Core/Src/traffic_light.o
                0x0000000020000010                toggle
 *fill*         0x0000000020000011        0x3 
 .data.uwTickPrio
                0x0000000020000014        0x4 ./Drivers/STM32F1xx_HAL_Driver/Src/stm32f1xx_hal.o
                0x0000000020000014                uwTickPrio
 .data.uwTickFreq
                0x0000000020000018        0x1 ./Drivers/STM32F1xx_HAL_Driver/Src/stm32f1xx_hal.o
                0x0000000020000018                uwTickFreq
 *(.RamFunc)
 *(.RamFunc*)
                0x000000002000001c                . = ALIGN (0x4)
 *fill*         0x0000000020000019        0x3 
                0x000000002000001c                _edata = .

.igot.plt       0x000000002000001c        0x0 load address 0x0000000008002c44
 .igot.plt      0x000000002000001c        0x0 d:/system/st/stm32cubeide_1.7.0/stm32cubeide/plugins/com.st.stm32cube.ide.mcu.externaltools.gnu-tools-for-stm32.9-2020-q2-update.win32_2.0.0.202105311346/tools/bin/../lib/gcc/arm-none-eabi/9.3.1/thumb/v7-m/nofp/crtbegin.o
                0x000000002000001c                . = ALIGN (0x4)

.bss            0x000000002000001c      0x46c load address 0x0000000008002c44
                0x000000002000001c                _sbss = .
                0x000000002000001c                __bss_start__ = _sbss
 *(.bss)
 .bss           0x000000002000001c       0x1c d:/system/st/stm32cubeide_1.7.0/stm32cubeide/plugins/com.st.stm32cube.ide.mcu.externaltools.gnu-tools-for-stm32.9-2020-q2-update.win32_2.0.0.202105311346/tools/bin/../lib/gcc/arm-none-eabi/9.3.1/thumb/v7-m/nofp/crtbegin.o
 *(.bss*)
 .bss.time_counter
                0x0000000020000038        0x4 ./Core/Src/fsm_automatic.o
                0x0000000020000038                time_counter
 .bss.status    0x000000002000003c        0x1 ./Core/Src/global.o
                0x000000002000003c                status
 .bss.state     0x000000002000003d        0x1 ./Core/Src/led7_segment.o
 *fill*         0x000000002000003e        0x2 
 .bss.led_buffer
                0x0000000020000040        0x4 ./Core/Src/led7_segment.o
                0x0000000020000040                led_buffer
 .bss.timer_counter
                0x0000000020000044       0x28 ./Core/Src/software_timer.o
 .bss.timer_flag
                0x000000002000006c        0xa ./Core/Src/software_timer.o
 *(COMMON)
 *fill*         0x0000000020000076        0x2 
 COMMON         0x0000000020000078      0x320 ./Core/Src/Scheduler.o
                0x0000000020000078                SCH_task_G
 COMMON         0x0000000020000398       0x64 ./Core/Src/button.o
                0x0000000020000398                PressedFlag
                0x00000000200003a4                KeyReg3
                0x00000000200003b0                KeyReg0
                0x00000000200003bc                KeyReg1
                0x00000000200003c8                KeyReg2
                0x00000000200003d4                timeForKeyPress
 COMMON         0x00000000200003fc        0x4 ./Core/Src/fsm_automatic.o
                0x00000000200003fc                red_counter
 COMMON         0x0000000020000400       0x3c ./Core/Src/led7_segment.o
                0x0000000020000400                LED_segment
 COMMON         0x000000002000043c       0x48 ./Core/Src/main.o
                0x000000002000043c                htim2
 COMMON         0x0000000020000484        0x4 ./Drivers/STM32F1xx_HAL_Driver/Src/stm32f1xx_hal.o
                0x0000000020000484                uwTick
                0x0000000020000488                . = ALIGN (0x4)
                0x0000000020000488                _ebss = .
                0x0000000020000488                __bss_end__ = _ebss

._user_heap_stack
                0x0000000020000488      0x600 load address 0x0000000008002c44
                0x0000000020000488                . = ALIGN (0x8)
                [!provide]                        PROVIDE (end = .)
                0x0000000020000488                PROVIDE (_end = .)
                0x0000000020000688                . = (. + _Min_Heap_Size)
 *fill*         0x0000000020000488      0x200 
                0x0000000020000a88                . = (. + _Min_Stack_Size)
 *fill*         0x0000000020000688      0x400 
                0x0000000020000a88                . = ALIGN (0x8)

/DISCARD/
 libc.a(*)
 libm.a(*)
 libgcc.a(*)

.ARM.attributes
                0x0000000000000000       0x29
 *(.ARM.attributes)
 .ARM.attributes
                0x0000000000000000       0x1d d:/system/st/stm32cubeide_1.7.0/stm32cubeide/plugins/com.st.stm32cube.ide.mcu.externaltools.gnu-tools-for-stm32.9-2020-q2-update.win32_2.0.0.202105311346/tools/bin/../lib/gcc/arm-none-eabi/9.3.1/thumb/v7-m/nofp/crti.o
 .ARM.attributes
                0x000000000000001d       0x2d d:/system/st/stm32cubeide_1.7.0/stm32cubeide/plugins/com.st.stm32cube.ide.mcu.externaltools.gnu-tools-for-stm32.9-2020-q2-update.win32_2.0.0.202105311346/tools/bin/../lib/gcc/arm-none-eabi/9.3.1/thumb/v7-m/nofp/crtbegin.o
 .ARM.attributes
                0x000000000000004a       0x2d ./Core/Src/Scheduler.o
 .ARM.attributes
                0x0000000000000077       0x2d ./Core/Src/button.o
 .ARM.attributes
                0x00000000000000a4       0x2d ./Core/Src/fsm_automatic.o
 .ARM.attributes
                0x00000000000000d1       0x2d ./Core/Src/fsm_manual.o
 .ARM.attributes
                0x00000000000000fe       0x2d ./Core/Src/fsm_setting.o
 .ARM.attributes
                0x000000000000012b       0x33 ./Core/Src/global.o
 .ARM.attributes
                0x000000000000015e       0x2d ./Core/Src/led7_segment.o
 .ARM.attributes
                0x000000000000018b       0x2d ./Core/Src/main.o
 .ARM.attributes
                0x00000000000001b8       0x2d ./Core/Src/software_timer.o
 .ARM.attributes
                0x00000000000001e5       0x2d ./Core/Src/stm32f1xx_hal_msp.o
 .ARM.attributes
                0x0000000000000212       0x2d ./Core/Src/stm32f1xx_it.o
 .ARM.attributes
                0x000000000000023f       0x2d ./Core/Src/system_stm32f1xx.o
 .ARM.attributes
                0x000000000000026c       0x2d ./Core/Src/traffic_light.o
 .ARM.attributes
                0x0000000000000299       0x21 ./Core/Startup/startup_stm32f103c6tx.o
 .ARM.attributes
                0x00000000000002ba       0x2d ./Drivers/STM32F1xx_HAL_Driver/Src/stm32f1xx_hal.o
 .ARM.attributes
                0x00000000000002e7       0x2d ./Drivers/STM32F1xx_HAL_Driver/Src/stm32f1xx_hal_cortex.o
 .ARM.attributes
                0x0000000000000314       0x2d ./Drivers/STM32F1xx_HAL_Driver/Src/stm32f1xx_hal_gpio.o
 .ARM.attributes
                0x0000000000000341       0x2d ./Drivers/STM32F1xx_HAL_Driver/Src/stm32f1xx_hal_rcc.o
 .ARM.attributes
                0x000000000000036e       0x2d ./Drivers/STM32F1xx_HAL_Driver/Src/stm32f1xx_hal_tim.o
 .ARM.attributes
                0x000000000000039b       0x2d ./Drivers/STM32F1xx_HAL_Driver/Src/stm32f1xx_hal_tim_ex.o
 .ARM.attributes
                0x00000000000003c8       0x2d d:/system/st/stm32cubeide_1.7.0/stm32cubeide/plugins/com.st.stm32cube.ide.mcu.externaltools.gnu-tools-for-stm32.9-2020-q2-update.win32_2.0.0.202105311346/tools/bin/../lib/gcc/arm-none-eabi/9.3.1/../../../../arm-none-eabi/lib/thumb/v7-m/nofp\libc_nano.a(lib_a-init.o)
 .ARM.attributes
                0x00000000000003f5       0x2d d:/system/st/stm32cubeide_1.7.0/stm32cubeide/plugins/com.st.stm32cube.ide.mcu.externaltools.gnu-tools-for-stm32.9-2020-q2-update.win32_2.0.0.202105311346/tools/bin/../lib/gcc/arm-none-eabi/9.3.1/../../../../arm-none-eabi/lib/thumb/v7-m/nofp\libc_nano.a(lib_a-memset.o)
 .ARM.attributes
                0x0000000000000422       0x1d d:/system/st/stm32cubeide_1.7.0/stm32cubeide/plugins/com.st.stm32cube.ide.mcu.externaltools.gnu-tools-for-stm32.9-2020-q2-update.win32_2.0.0.202105311346/tools/bin/../lib/gcc/arm-none-eabi/9.3.1/thumb/v7-m/nofp/crtn.o
OUTPUT(core.elf elf32-littlearm)
LOAD linker stubs
LOAD d:/system/st/stm32cubeide_1.7.0/stm32cubeide/plugins/com.st.stm32cube.ide.mcu.externaltools.gnu-tools-for-stm32.9-2020-q2-update.win32_2.0.0.202105311346/tools/bin/../lib/gcc/arm-none-eabi/9.3.1/../../../../arm-none-eabi/lib/thumb/v7-m/nofp\libc.a
LOAD d:/system/st/stm32cubeide_1.7.0/stm32cubeide/plugins/com.st.stm32cube.ide.mcu.externaltools.gnu-tools-for-stm32.9-2020-q2-update.win32_2.0.0.202105311346/tools/bin/../lib/gcc/arm-none-eabi/9.3.1/../../../../arm-none-eabi/lib/thumb/v7-m/nofp\libm.a
LOAD d:/system/st/stm32cubeide_1.7.0/stm32cubeide/plugins/com.st.stm32cube.ide.mcu.externaltools.gnu-tools-for-stm32.9-2020-q2-update.win32_2.0.0.202105311346/tools/bin/../lib/gcc/arm-none-eabi/9.3.1/thumb/v7-m/nofp\libgcc.a

.debug_info     0x0000000000000000     0x9e39
 .debug_info    0x0000000000000000      0x212 ./Core/Src/Scheduler.o
 .debug_info    0x0000000000000212      0x390 ./Core/Src/button.o
 .debug_info    0x00000000000005a2      0x1fd ./Core/Src/fsm_automatic.o
 .debug_info    0x000000000000079f      0x1d9 ./Core/Src/fsm_manual.o
 .debug_info    0x0000000000000978      0x26b ./Core/Src/fsm_setting.o
 .debug_info    0x0000000000000be3      0x1f7 ./Core/Src/global.o
 .debug_info    0x0000000000000dda      0x5b8 ./Core/Src/led7_segment.o
 .debug_info    0x0000000000001392      0xc0a ./Core/Src/main.o
 .debug_info    0x0000000000001f9c      0x282 ./Core/Src/software_timer.o
 .debug_info    0x000000000000221e      0xa09 ./Core/Src/stm32f1xx_hal_msp.o
 .debug_info    0x0000000000002c27      0x7b9 ./Core/Src/stm32f1xx_it.o
 .debug_info    0x00000000000033e0      0x2be ./Core/Src/system_stm32f1xx.o
 .debug_info    0x000000000000369e      0x32a ./Core/Src/traffic_light.o
 .debug_info    0x00000000000039c8       0x22 ./Core/Startup/startup_stm32f103c6tx.o
 .debug_info    0x00000000000039ea      0x74c ./Drivers/STM32F1xx_HAL_Driver/Src/stm32f1xx_hal.o
 .debug_info    0x0000000000004136      0xbbe ./Drivers/STM32F1xx_HAL_Driver/Src/stm32f1xx_hal_cortex.o
 .debug_info    0x0000000000004cf4      0x701 ./Drivers/STM32F1xx_HAL_Driver/Src/stm32f1xx_hal_gpio.o
 .debug_info    0x00000000000053f5      0x893 ./Drivers/STM32F1xx_HAL_Driver/Src/stm32f1xx_hal_rcc.o
 .debug_info    0x0000000000005c88     0x2c32 ./Drivers/STM32F1xx_HAL_Driver/Src/stm32f1xx_hal_tim.o
 .debug_info    0x00000000000088ba     0x157f ./Drivers/STM32F1xx_HAL_Driver/Src/stm32f1xx_hal_tim_ex.o

.debug_abbrev   0x0000000000000000     0x1f3f
 .debug_abbrev  0x0000000000000000      0x122 ./Core/Src/Scheduler.o
 .debug_abbrev  0x0000000000000122      0x1a6 ./Core/Src/button.o
 .debug_abbrev  0x00000000000002c8       0xce ./Core/Src/fsm_automatic.o
 .debug_abbrev  0x0000000000000396       0xbb ./Core/Src/fsm_manual.o
 .debug_abbrev  0x0000000000000451       0xfb ./Core/Src/fsm_setting.o
 .debug_abbrev  0x000000000000054c       0xae ./Core/Src/global.o
 .debug_abbrev  0x00000000000005fa      0x1ee ./Core/Src/led7_segment.o
 .debug_abbrev  0x00000000000007e8      0x249 ./Core/Src/main.o
 .debug_abbrev  0x0000000000000a31      0x12e ./Core/Src/software_timer.o
 .debug_abbrev  0x0000000000000b5f      0x1b7 ./Core/Src/stm32f1xx_hal_msp.o
 .debug_abbrev  0x0000000000000d16      0x176 ./Core/Src/stm32f1xx_it.o
 .debug_abbrev  0x0000000000000e8c      0x14e ./Core/Src/system_stm32f1xx.o
 .debug_abbrev  0x0000000000000fda      0x134 ./Core/Src/traffic_light.o
 .debug_abbrev  0x000000000000110e       0x12 ./Core/Startup/startup_stm32f103c6tx.o
 .debug_abbrev  0x0000000000001120      0x1ed ./Drivers/STM32F1xx_HAL_Driver/Src/stm32f1xx_hal.o
 .debug_abbrev  0x000000000000130d      0x313 ./Drivers/STM32F1xx_HAL_Driver/Src/stm32f1xx_hal_cortex.o
 .debug_abbrev  0x0000000000001620      0x1e8 ./Drivers/STM32F1xx_HAL_Driver/Src/stm32f1xx_hal_gpio.o
 .debug_abbrev  0x0000000000001808      0x273 ./Drivers/STM32F1xx_HAL_Driver/Src/stm32f1xx_hal_rcc.o
 .debug_abbrev  0x0000000000001a7b      0x25e ./Drivers/STM32F1xx_HAL_Driver/Src/stm32f1xx_hal_tim.o
 .debug_abbrev  0x0000000000001cd9      0x266 ./Drivers/STM32F1xx_HAL_Driver/Src/stm32f1xx_hal_tim_ex.o

.debug_aranges  0x0000000000000000      0xb08
 .debug_aranges
                0x0000000000000000       0x40 ./Core/Src/Scheduler.o
 .debug_aranges
                0x0000000000000040       0x38 ./Core/Src/button.o
 .debug_aranges
                0x0000000000000078       0x20 ./Core/Src/fsm_automatic.o
 .debug_aranges
                0x0000000000000098       0x20 ./Core/Src/fsm_manual.o
 .debug_aranges
                0x00000000000000b8       0x20 ./Core/Src/fsm_setting.o
 .debug_aranges
                0x00000000000000d8       0x18 ./Core/Src/global.o
 .debug_aranges
                0x00000000000000f0       0x50 ./Core/Src/led7_segment.o
 .debug_aranges
                0x0000000000000140       0x50 ./Core/Src/main.o
 .debug_aranges
                0x0000000000000190       0x38 ./Core/Src/software_timer.o
 .debug_aranges
                0x00000000000001c8       0x30 ./Core/Src/stm32f1xx_hal_msp.o
 .debug_aranges
                0x00000000000001f8       0x68 ./Core/Src/stm32f1xx_it.o
 .debug_aranges
                0x0000000000000260       0x28 ./Core/Src/system_stm32f1xx.o
 .debug_aranges
                0x0000000000000288       0x58 ./Core/Src/traffic_light.o
 .debug_aranges
                0x00000000000002e0       0x28 ./Core/Startup/startup_stm32f103c6tx.o
 .debug_aranges
                0x0000000000000308       0xe0 ./Drivers/STM32F1xx_HAL_Driver/Src/stm32f1xx_hal.o
 .debug_aranges
                0x00000000000003e8      0x100 ./Drivers/STM32F1xx_HAL_Driver/Src/stm32f1xx_hal_cortex.o
 .debug_aranges
                0x00000000000004e8       0x58 ./Drivers/STM32F1xx_HAL_Driver/Src/stm32f1xx_hal_gpio.o
 .debug_aranges
                0x0000000000000540       0x90 ./Drivers/STM32F1xx_HAL_Driver/Src/stm32f1xx_hal_rcc.o
 .debug_aranges
                0x00000000000005d0      0x3d0 ./Drivers/STM32F1xx_HAL_Driver/Src/stm32f1xx_hal_tim.o
 .debug_aranges
                0x00000000000009a0      0x168 ./Drivers/STM32F1xx_HAL_Driver/Src/stm32f1xx_hal_tim_ex.o

.debug_ranges   0x0000000000000000      0x9c8
 .debug_ranges  0x0000000000000000       0x30 ./Core/Src/Scheduler.o
 .debug_ranges  0x0000000000000030       0x28 ./Core/Src/button.o
 .debug_ranges  0x0000000000000058       0x10 ./Core/Src/fsm_automatic.o
 .debug_ranges  0x0000000000000068       0x10 ./Core/Src/fsm_manual.o
 .debug_ranges  0x0000000000000078       0x10 ./Core/Src/fsm_setting.o
 .debug_ranges  0x0000000000000088       0x40 ./Core/Src/led7_segment.o
 .debug_ranges  0x00000000000000c8       0x40 ./Core/Src/main.o
 .debug_ranges  0x0000000000000108       0x28 ./Core/Src/software_timer.o
 .debug_ranges  0x0000000000000130       0x20 ./Core/Src/stm32f1xx_hal_msp.o
 .debug_ranges  0x0000000000000150       0x58 ./Core/Src/stm32f1xx_it.o
 .debug_ranges  0x00000000000001a8       0x18 ./Core/Src/system_stm32f1xx.o
 .debug_ranges  0x00000000000001c0       0x48 ./Core/Src/traffic_light.o
 .debug_ranges  0x0000000000000208       0x20 ./Core/Startup/startup_stm32f103c6tx.o
 .debug_ranges  0x0000000000000228       0xd0 ./Drivers/STM32F1xx_HAL_Driver/Src/stm32f1xx_hal.o
 .debug_ranges  0x00000000000002f8       0xf0 ./Drivers/STM32F1xx_HAL_Driver/Src/stm32f1xx_hal_cortex.o
 .debug_ranges  0x00000000000003e8       0x48 ./Drivers/STM32F1xx_HAL_Driver/Src/stm32f1xx_hal_gpio.o
 .debug_ranges  0x0000000000000430       0x80 ./Drivers/STM32F1xx_HAL_Driver/Src/stm32f1xx_hal_rcc.o
 .debug_ranges  0x00000000000004b0      0x3c0 ./Drivers/STM32F1xx_HAL_Driver/Src/stm32f1xx_hal_tim.o
 .debug_ranges  0x0000000000000870      0x158 ./Drivers/STM32F1xx_HAL_Driver/Src/stm32f1xx_hal_tim_ex.o

.debug_macro    0x0000000000000000    0x17367
 .debug_macro   0x0000000000000000       0x72 ./Core/Src/Scheduler.o
 .debug_macro   0x0000000000000072      0xa9c ./Core/Src/Scheduler.o
 .debug_macro   0x0000000000000b0e       0x22 ./Core/Src/Scheduler.o
 .debug_macro   0x0000000000000b30       0x8e ./Core/Src/Scheduler.o
 .debug_macro   0x0000000000000bbe       0x51 ./Core/Src/Scheduler.o
 .debug_macro   0x0000000000000c0f      0x103 ./Core/Src/Scheduler.o
 .debug_macro   0x0000000000000d12       0x6a ./Core/Src/Scheduler.o
 .debug_macro   0x0000000000000d7c      0x1df ./Core/Src/Scheduler.o
 .debug_macro   0x0000000000000f5b       0x10 ./Core/Src/Scheduler.o
 .debug_macro   0x0000000000000f6b      0x1cd ./Core/Src/button.o
 .debug_macro   0x0000000000001138      0x215 ./Core/Src/button.o
 .debug_macro   0x000000000000134d       0x2e ./Core/Src/button.o
 .debug_macro   0x000000000000137b       0x22 ./Core/Src/button.o
 .debug_macro   0x000000000000139d       0x1c ./Core/Src/button.o
 .debug_macro   0x00000000000013b9       0x22 ./Core/Src/button.o
 .debug_macro   0x00000000000013db       0xc3 ./Core/Src/button.o
 .debug_macro   0x000000000000149e      0xd23 ./Core/Src/button.o
 .debug_macro   0x00000000000021c1     0xde75 ./Core/Src/button.o
 .debug_macro   0x0000000000010036       0x6d ./Core/Src/button.o
 .debug_macro   0x00000000000100a3     0x34a2 ./Core/Src/button.o
 .debug_macro   0x0000000000013545      0x174 ./Core/Src/button.o
 .debug_macro   0x00000000000136b9       0x5c ./Core/Src/button.o
 .debug_macro   0x0000000000013715      0x5bc ./Core/Src/button.o
 .debug_macro   0x0000000000013cd1      0x1b7 ./Core/Src/button.o
 .debug_macro   0x0000000000013e88      0x1cb ./Core/Src/button.o
 .debug_macro   0x0000000000014053      0x114 ./Core/Src/button.o
 .debug_macro   0x0000000000014167      0x1b2 ./Core/Src/button.o
 .debug_macro   0x0000000000014319       0x27 ./Core/Src/button.o
 .debug_macro   0x0000000000014340      0x12f ./Core/Src/button.o
 .debug_macro   0x000000000001446f      0x1bc ./Core/Src/button.o
 .debug_macro   0x000000000001462b       0x34 ./Core/Src/button.o
 .debug_macro   0x000000000001465f       0x3c ./Core/Src/button.o
 .debug_macro   0x000000000001469b       0x57 ./Core/Src/button.o
 .debug_macro   0x00000000000146f2       0x87 ./Core/Src/button.o
 .debug_macro   0x0000000000014779      0x183 ./Core/Src/button.o
 .debug_macro   0x00000000000148fc      0x140 ./Core/Src/button.o
 .debug_macro   0x0000000000014a3c      0x8ed ./Core/Src/button.o
 .debug_macro   0x0000000000015329       0x69 ./Core/Src/button.o
 .debug_macro   0x0000000000015392      0x100 ./Core/Src/button.o
 .debug_macro   0x0000000000015492       0x22 ./Core/Src/button.o
 .debug_macro   0x00000000000154b4      0x1eb ./Core/Src/fsm_automatic.o
 .debug_macro   0x000000000001569f       0x28 ./Core/Src/fsm_automatic.o
 .debug_macro   0x00000000000156c7       0x16 ./Core/Src/fsm_automatic.o
 .debug_macro   0x00000000000156dd       0x40 ./Core/Src/fsm_automatic.o
 .debug_macro   0x000000000001571d      0x1eb ./Core/Src/fsm_manual.o
 .debug_macro   0x0000000000015908      0x1e5 ./Core/Src/fsm_setting.o
 .debug_macro   0x0000000000015aed      0x1db ./Core/Src/global.o
 .debug_macro   0x0000000000015cc8      0x1c1 ./Core/Src/led7_segment.o
 .debug_macro   0x0000000000015e89       0x10 ./Core/Src/led7_segment.o
 .debug_macro   0x0000000000015e99      0x212 ./Core/Src/main.o
 .debug_macro   0x00000000000160ab       0x16 ./Core/Src/main.o
 .debug_macro   0x00000000000160c1      0x1c5 ./Core/Src/software_timer.o
 .debug_macro   0x0000000000016286      0x1a6 ./Core/Src/stm32f1xx_hal_msp.o
 .debug_macro   0x000000000001642c      0x1b0 ./Core/Src/stm32f1xx_it.o
 .debug_macro   0x00000000000165dc      0x197 ./Core/Src/system_stm32f1xx.o
 .debug_macro   0x0000000000016773      0x1c8 ./Core/Src/traffic_light.o
 .debug_macro   0x000000000001693b      0x1bb ./Drivers/STM32F1xx_HAL_Driver/Src/stm32f1xx_hal.o
 .debug_macro   0x0000000000016af6      0x197 ./Drivers/STM32F1xx_HAL_Driver/Src/stm32f1xx_hal_cortex.o
 .debug_macro   0x0000000000016c8d      0x202 ./Drivers/STM32F1xx_HAL_Driver/Src/stm32f1xx_hal_gpio.o
 .debug_macro   0x0000000000016e8f      0x1a9 ./Drivers/STM32F1xx_HAL_Driver/Src/stm32f1xx_hal_rcc.o
 .debug_macro   0x0000000000017038      0x198 ./Drivers/STM32F1xx_HAL_Driver/Src/stm32f1xx_hal_tim.o
 .debug_macro   0x00000000000171d0      0x197 ./Drivers/STM32F1xx_HAL_Driver/Src/stm32f1xx_hal_tim_ex.o

.debug_line     0x0000000000000000     0xd456
 .debug_line    0x0000000000000000      0x4e2 ./Core/Src/Scheduler.o
 .debug_line    0x00000000000004e2      0x767 ./Core/Src/button.o
 .debug_line    0x0000000000000c49      0x774 ./Core/Src/fsm_automatic.o
 .debug_line    0x00000000000013bd      0x7ae ./Core/Src/fsm_manual.o
 .debug_line    0x0000000000001b6b      0x748 ./Core/Src/fsm_setting.o
 .debug_line    0x00000000000022b3      0x6ae ./Core/Src/global.o
 .debug_line    0x0000000000002961      0x7af ./Core/Src/led7_segment.o
 .debug_line    0x0000000000003110      0x852 ./Core/Src/main.o
 .debug_line    0x0000000000003962      0x703 ./Core/Src/software_timer.o
 .debug_line    0x0000000000004065      0x6bd ./Core/Src/stm32f1xx_hal_msp.o
 .debug_line    0x0000000000004722      0x75b ./Core/Src/stm32f1xx_it.o
 .debug_line    0x0000000000004e7d      0x6ff ./Core/Src/system_stm32f1xx.o
 .debug_line    0x000000000000557c      0x76e ./Core/Src/traffic_light.o
 .debug_line    0x0000000000005cea       0x86 ./Core/Startup/startup_stm32f103c6tx.o
 .debug_line    0x0000000000005d70      0x92c ./Drivers/STM32F1xx_HAL_Driver/Src/stm32f1xx_hal.o
 .debug_line    0x000000000000669c      0xb14 ./Drivers/STM32F1xx_HAL_Driver/Src/stm32f1xx_hal_cortex.o
 .debug_line    0x00000000000071b0      0x9af ./Drivers/STM32F1xx_HAL_Driver/Src/stm32f1xx_hal_gpio.o
 .debug_line    0x0000000000007b5f      0xd38 ./Drivers/STM32F1xx_HAL_Driver/Src/stm32f1xx_hal_rcc.o
 .debug_line    0x0000000000008897     0x337d ./Drivers/STM32F1xx_HAL_Driver/Src/stm32f1xx_hal_tim.o
 .debug_line    0x000000000000bc14     0x1842 ./Drivers/STM32F1xx_HAL_Driver/Src/stm32f1xx_hal_tim_ex.o

.debug_str      0x0000000000000000    0x828a8
 .debug_str     0x0000000000000000     0x3c1d ./Core/Src/Scheduler.o
                                       0x3d96 (size before relaxing)
 .debug_str     0x0000000000003c1d    0x7bdf3 ./Core/Src/button.o
                                      0x7fca7 (size before relaxing)
 .debug_str     0x000000000007fa10      0x191 ./Core/Src/fsm_automatic.o
                                      0x7fd0a (size before relaxing)
 .debug_str     0x000000000007fba1       0x46 ./Core/Src/fsm_manual.o
                                      0x7fcec (size before relaxing)
 .debug_str     0x000000000007fbe7       0x3a ./Core/Src/fsm_setting.o
                                      0x7fd0b (size before relaxing)
 .debug_str     0x000000000007fc21       0x15 ./Core/Src/global.o
                                      0x7fcbb (size before relaxing)
 .debug_str     0x000000000007fc36      0x1c6 ./Core/Src/led7_segment.o
                                      0x7fd5f (size before relaxing)
 .debug_str     0x000000000007fdfc      0x6e2 ./Core/Src/main.o
                                      0x804ee (size before relaxing)
 .debug_str     0x00000000000804de       0x70 ./Core/Src/software_timer.o
                                      0x7fc0e (size before relaxing)
 .debug_str     0x000000000008054e      0x2ba ./Core/Src/stm32f1xx_hal_msp.o
                                      0x8030d (size before relaxing)
 .debug_str     0x0000000000080808       0xcd ./Core/Src/stm32f1xx_it.o
                                      0x8006f (size before relaxing)
 .debug_str     0x00000000000808d5       0x52 ./Core/Src/system_stm32f1xx.o
                                      0x7f7a2 (size before relaxing)
 .debug_str     0x0000000000080927      0x117 ./Core/Src/traffic_light.o
                                      0x7fc5c (size before relaxing)
 .debug_str     0x0000000000080a3e       0x36 ./Core/Startup/startup_stm32f103c6tx.o
                                         0x96 (size before relaxing)
 .debug_str     0x0000000000080a74      0x304 ./Drivers/STM32F1xx_HAL_Driver/Src/stm32f1xx_hal.o
                                      0x7fdf9 (size before relaxing)
 .debug_str     0x0000000000080d78      0x300 ./Drivers/STM32F1xx_HAL_Driver/Src/stm32f1xx_hal_cortex.o
                                      0x7fe01 (size before relaxing)
 .debug_str     0x0000000000081078      0x315 ./Drivers/STM32F1xx_HAL_Driver/Src/stm32f1xx_hal_gpio.o
                                      0x7fb66 (size before relaxing)
 .debug_str     0x000000000008138d      0x24f ./Drivers/STM32F1xx_HAL_Driver/Src/stm32f1xx_hal_rcc.o
                                      0x7fb9f (size before relaxing)
 .debug_str     0x00000000000815dc      0xdde ./Drivers/STM32F1xx_HAL_Driver/Src/stm32f1xx_hal_tim.o
                                      0x80b88 (size before relaxing)
 .debug_str     0x00000000000823ba      0x4ee ./Drivers/STM32F1xx_HAL_Driver/Src/stm32f1xx_hal_tim_ex.o
                                      0x80329 (size before relaxing)

.comment        0x0000000000000000       0x53
 .comment       0x0000000000000000       0x53 ./Core/Src/Scheduler.o
                                         0x54 (size before relaxing)
 .comment       0x0000000000000053       0x54 ./Core/Src/button.o
 .comment       0x0000000000000053       0x54 ./Core/Src/fsm_automatic.o
 .comment       0x0000000000000053       0x54 ./Core/Src/fsm_manual.o
 .comment       0x0000000000000053       0x54 ./Core/Src/fsm_setting.o
 .comment       0x0000000000000053       0x54 ./Core/Src/global.o
 .comment       0x0000000000000053       0x54 ./Core/Src/led7_segment.o
 .comment       0x0000000000000053       0x54 ./Core/Src/main.o
 .comment       0x0000000000000053       0x54 ./Core/Src/software_timer.o
 .comment       0x0000000000000053       0x54 ./Core/Src/stm32f1xx_hal_msp.o
 .comment       0x0000000000000053       0x54 ./Core/Src/stm32f1xx_it.o
 .comment       0x0000000000000053       0x54 ./Core/Src/system_stm32f1xx.o
 .comment       0x0000000000000053       0x54 ./Core/Src/traffic_light.o
 .comment       0x0000000000000053       0x54 ./Drivers/STM32F1xx_HAL_Driver/Src/stm32f1xx_hal.o
 .comment       0x0000000000000053       0x54 ./Drivers/STM32F1xx_HAL_Driver/Src/stm32f1xx_hal_cortex.o
 .comment       0x0000000000000053       0x54 ./Drivers/STM32F1xx_HAL_Driver/Src/stm32f1xx_hal_gpio.o
 .comment       0x0000000000000053       0x54 ./Drivers/STM32F1xx_HAL_Driver/Src/stm32f1xx_hal_rcc.o
 .comment       0x0000000000000053       0x54 ./Drivers/STM32F1xx_HAL_Driver/Src/stm32f1xx_hal_tim.o
 .comment       0x0000000000000053       0x54 ./Drivers/STM32F1xx_HAL_Driver/Src/stm32f1xx_hal_tim_ex.o

.debug_frame    0x0000000000000000     0x2ae0
 .debug_frame   0x0000000000000000       0xd0 ./Core/Src/Scheduler.o
 .debug_frame   0x00000000000000d0       0xac ./Core/Src/button.o
 .debug_frame   0x000000000000017c       0x2c ./Core/Src/fsm_automatic.o
 .debug_frame   0x00000000000001a8       0x2c ./Core/Src/fsm_manual.o
 .debug_frame   0x00000000000001d4       0x2c ./Core/Src/fsm_setting.o
 .debug_frame   0x0000000000000200      0x118 ./Core/Src/led7_segment.o
 .debug_frame   0x0000000000000318       0xf4 ./Core/Src/main.o
 .debug_frame   0x000000000000040c       0xb0 ./Core/Src/software_timer.o
 .debug_frame   0x00000000000004bc       0x80 ./Core/Src/stm32f1xx_hal_msp.o
 .debug_frame   0x000000000000053c      0x120 ./Core/Src/stm32f1xx_it.o
 .debug_frame   0x000000000000065c       0x58 ./Core/Src/system_stm32f1xx.o
 .debug_frame   0x00000000000006b4      0x134 ./Core/Src/traffic_light.o
 .debug_frame   0x00000000000007e8      0x334 ./Drivers/STM32F1xx_HAL_Driver/Src/stm32f1xx_hal.o
 .debug_frame   0x0000000000000b1c      0x428 ./Drivers/STM32F1xx_HAL_Driver/Src/stm32f1xx_hal_cortex.o
 .debug_frame   0x0000000000000f44      0x14c ./Drivers/STM32F1xx_HAL_Driver/Src/stm32f1xx_hal_gpio.o
 .debug_frame   0x0000000000001090      0x218 ./Drivers/STM32F1xx_HAL_Driver/Src/stm32f1xx_hal_rcc.o
 .debug_frame   0x00000000000012a8     0x11b4 ./Drivers/STM32F1xx_HAL_Driver/Src/stm32f1xx_hal_tim.o
 .debug_frame   0x000000000000245c      0x638 ./Drivers/STM32F1xx_HAL_Driver/Src/stm32f1xx_hal_tim_ex.o
 .debug_frame   0x0000000000002a94       0x2c d:/system/st/stm32cubeide_1.7.0/stm32cubeide/plugins/com.st.stm32cube.ide.mcu.externaltools.gnu-tools-for-stm32.9-2020-q2-update.win32_2.0.0.202105311346/tools/bin/../lib/gcc/arm-none-eabi/9.3.1/../../../../arm-none-eabi/lib/thumb/v7-m/nofp\libc_nano.a(lib_a-init.o)
 .debug_frame   0x0000000000002ac0       0x20 d:/system/st/stm32cubeide_1.7.0/stm32cubeide/plugins/com.st.stm32cube.ide.mcu.externaltools.gnu-tools-for-stm32.9-2020-q2-update.win32_2.0.0.202105311346/tools/bin/../lib/gcc/arm-none-eabi/9.3.1/../../../../arm-none-eabi/lib/thumb/v7-m/nofp\libc_nano.a(lib_a-memset.o)
