Archive member included to satisfy reference by file (symbol)

d:/system/st/stm32cubeide_1.7.0/stm32cubeide/plugins/com.st.stm32cube.ide.mcu.externaltools.gnu-tools-for-stm32.9-2020-q2-update.win32_2.0.0.202105311346/tools/bin/../lib/gcc/arm-none-eabi/9.3.1/../../../../arm-none-eabi/lib/thumb/v7-m/nofp\libc_nano.a(lib_a-errno.o)
                              ./Core/Src/syscalls.o (__errno)
d:/system/st/stm32cubeide_1.7.0/stm32cubeide/plugins/com.st.stm32cube.ide.mcu.externaltools.gnu-tools-for-stm32.9-2020-q2-update.win32_2.0.0.202105311346/tools/bin/../lib/gcc/arm-none-eabi/9.3.1/../../../../arm-none-eabi/lib/thumb/v7-m/nofp\libc_nano.a(lib_a-exit.o)
                              d:/system/st/stm32cubeide_1.7.0/stm32cubeide/plugins/com.st.stm32cube.ide.mcu.externaltools.gnu-tools-for-stm32.9-2020-q2-update.win32_2.0.0.202105311346/tools/bin/../lib/gcc/arm-none-eabi/9.3.1/../../../../arm-none-eabi/lib/thumb/v7-m/nofp/crt0.o (exit)
d:/system/st/stm32cubeide_1.7.0/stm32cubeide/plugins/com.st.stm32cube.ide.mcu.externaltools.gnu-tools-for-stm32.9-2020-q2-update.win32_2.0.0.202105311346/tools/bin/../lib/gcc/arm-none-eabi/9.3.1/../../../../arm-none-eabi/lib/thumb/v7-m/nofp\libc_nano.a(lib_a-impure.o)
                              d:/system/st/stm32cubeide_1.7.0/stm32cubeide/plugins/com.st.stm32cube.ide.mcu.externaltools.gnu-tools-for-stm32.9-2020-q2-update.win32_2.0.0.202105311346/tools/bin/../lib/gcc/arm-none-eabi/9.3.1/../../../../arm-none-eabi/lib/thumb/v7-m/nofp\libc_nano.a(lib_a-exit.o) (_global_impure_ptr)
d:/system/st/stm32cubeide_1.7.0/stm32cubeide/plugins/com.st.stm32cube.ide.mcu.externaltools.gnu-tools-for-stm32.9-2020-q2-update.win32_2.0.0.202105311346/tools/bin/../lib/gcc/arm-none-eabi/9.3.1/../../../../arm-none-eabi/lib/thumb/v7-m/nofp\libc_nano.a(lib_a-init.o)
                              d:/system/st/stm32cubeide_1.7.0/stm32cubeide/plugins/com.st.stm32cube.ide.mcu.externaltools.gnu-tools-for-stm32.9-2020-q2-update.win32_2.0.0.202105311346/tools/bin/../lib/gcc/arm-none-eabi/9.3.1/../../../../arm-none-eabi/lib/thumb/v7-m/nofp/crt0.o (__libc_init_array)
d:/system/st/stm32cubeide_1.7.0/stm32cubeide/plugins/com.st.stm32cube.ide.mcu.externaltools.gnu-tools-for-stm32.9-2020-q2-update.win32_2.0.0.202105311346/tools/bin/../lib/gcc/arm-none-eabi/9.3.1/../../../../arm-none-eabi/lib/thumb/v7-m/nofp\libc_nano.a(lib_a-malloc.o)
                              ./Core/Src/Scheduler.o (malloc)
d:/system/st/stm32cubeide_1.7.0/stm32cubeide/plugins/com.st.stm32cube.ide.mcu.externaltools.gnu-tools-for-stm32.9-2020-q2-update.win32_2.0.0.202105311346/tools/bin/../lib/gcc/arm-none-eabi/9.3.1/../../../../arm-none-eabi/lib/thumb/v7-m/nofp\libc_nano.a(lib_a-memset.o)
                              d:/system/st/stm32cubeide_1.7.0/stm32cubeide/plugins/com.st.stm32cube.ide.mcu.externaltools.gnu-tools-for-stm32.9-2020-q2-update.win32_2.0.0.202105311346/tools/bin/../lib/gcc/arm-none-eabi/9.3.1/../../../../arm-none-eabi/lib/thumb/v7-m/nofp/crt0.o (memset)
d:/system/st/stm32cubeide_1.7.0/stm32cubeide/plugins/com.st.stm32cube.ide.mcu.externaltools.gnu-tools-for-stm32.9-2020-q2-update.win32_2.0.0.202105311346/tools/bin/../lib/gcc/arm-none-eabi/9.3.1/../../../../arm-none-eabi/lib/thumb/v7-m/nofp\libc_nano.a(lib_a-nano-freer.o)
                              d:/system/st/stm32cubeide_1.7.0/stm32cubeide/plugins/com.st.stm32cube.ide.mcu.externaltools.gnu-tools-for-stm32.9-2020-q2-update.win32_2.0.0.202105311346/tools/bin/../lib/gcc/arm-none-eabi/9.3.1/../../../../arm-none-eabi/lib/thumb/v7-m/nofp\libc_nano.a(lib_a-malloc.o) (_free_r)
d:/system/st/stm32cubeide_1.7.0/stm32cubeide/plugins/com.st.stm32cube.ide.mcu.externaltools.gnu-tools-for-stm32.9-2020-q2-update.win32_2.0.0.202105311346/tools/bin/../lib/gcc/arm-none-eabi/9.3.1/../../../../arm-none-eabi/lib/thumb/v7-m/nofp\libc_nano.a(lib_a-nano-mallocr.o)
                              d:/system/st/stm32cubeide_1.7.0/stm32cubeide/plugins/com.st.stm32cube.ide.mcu.externaltools.gnu-tools-for-stm32.9-2020-q2-update.win32_2.0.0.202105311346/tools/bin/../lib/gcc/arm-none-eabi/9.3.1/../../../../arm-none-eabi/lib/thumb/v7-m/nofp\libc_nano.a(lib_a-malloc.o) (_malloc_r)
d:/system/st/stm32cubeide_1.7.0/stm32cubeide/plugins/com.st.stm32cube.ide.mcu.externaltools.gnu-tools-for-stm32.9-2020-q2-update.win32_2.0.0.202105311346/tools/bin/../lib/gcc/arm-none-eabi/9.3.1/../../../../arm-none-eabi/lib/thumb/v7-m/nofp\libc_nano.a(lib_a-sbrkr.o)
                              d:/system/st/stm32cubeide_1.7.0/stm32cubeide/plugins/com.st.stm32cube.ide.mcu.externaltools.gnu-tools-for-stm32.9-2020-q2-update.win32_2.0.0.202105311346/tools/bin/../lib/gcc/arm-none-eabi/9.3.1/../../../../arm-none-eabi/lib/thumb/v7-m/nofp\libc_nano.a(lib_a-nano-mallocr.o) (_sbrk_r)
[...]
Memory Configuration

Name             Origin             Length             Attributes
RAM              0x0000000020000000 0x0000000000002800 xrw
FLASH            0x0000000008000000 0x0000000000008000 xr
*default*        0x0000000000000000 0xffffffffffffffff

Linker script and memory map

LOAD d:/system/st/stm32cubeide_1.7.0/stm32cubeide/plugins/com.st.stm32cube.ide.mcu.externaltools.gnu-tools-for-stm32.9-2020-q2-update.win32_2.0.0.202105311346/tools/bin/../lib/gcc/arm-none-eabi/9.3.1/thumb/v7-m/nofp/crti.o
LOAD d:/system/st/stm32cubeide_1.7.0/stm32cubeide/plugins/com.st.stm32cube.ide.mcu.externaltools.gnu-tools-for-stm32.9-2020-q2-update.win32_2.0.0.202105311346/tools/bin/../lib/gcc/arm-none-eabi/9.3.1/thumb/v7-m/nofp/crtbegin.o
LOAD d:/system/st/stm32cubeide_1.7.0/stm32cubeide/plugins/com.st.stm32cube.ide.mcu.externaltools.gnu-tools-for-stm32.9-2020-q2-update.win32_2.0.0.202105311346/tools/bin/../lib/gcc/arm-none-eabi/9.3.1/../../../../arm-none-eabi/lib/thumb/v7-m/nofp/crt0.o
LOAD ./Core/Src/Scheduler.o
LOAD ./Core/Src/button.o
LOAD ./Core/Src/fsm_automatic.o
LOAD ./Core/Src/fsm_manual.o
LOAD ./Core/Src/fsm_setting.o
LOAD ./Core/Src/global.o
LOAD ./Core/Src/led7_segment.o
LOAD ./Core/Src/main.o
LOAD ./Core/Src/software_timer.o
LOAD ./Core/Src/stm32f1xx_hal_msp.o
LOAD ./Core/Src/stm32f1xx_it.o
LOAD ./Core/Src/syscalls.o
LOAD ./Core/Src/sysmem.o
LOAD ./Core/Src/system_stm32f1xx.o
LOAD ./Core/Src/traffic_light.o
LOAD ./Core/Startup/startup_stm32f103c6tx.o
LOAD ./Drivers/STM32F1xx_HAL_Driver/Src/stm32f1xx_hal.o
LOAD ./Drivers/STM32F1xx_HAL_Driver/Src/stm32f1xx_hal_cortex.o
LOAD ./Drivers/STM32F1xx_HAL_Driver/Src/stm32f1xx_hal_dma.o
LOAD ./Drivers/STM32F1xx_HAL_Driver/Src/stm32f1xx_hal_exti.o
LOAD ./Drivers/STM32F1xx_HAL_Driver/Src/stm32f1xx_hal_flash.o
LOAD ./Drivers/STM32F1xx_HAL_Driver/Src/stm32f1xx_hal_flash_ex.o
LOAD ./Drivers/STM32F1xx_HAL_Driver/Src/stm32f1xx_hal_gpio.o
LOAD ./Drivers/STM32F1xx_HAL_Driver/Src/stm32f1xx_hal_gpio_ex.o
LOAD ./Drivers/STM32F1xx_HAL_Driver/Src/stm32f1xx_hal_pwr.o
LOAD ./Drivers/STM32F1xx_HAL_Driver/Src/stm32f1xx_hal_rcc.o
LOAD ./Drivers/STM32F1xx_HAL_Driver/Src/stm32f1xx_hal_rcc_ex.o
LOAD ./Drivers/STM32F1xx_HAL_Driver/Src/stm32f1xx_hal_tim.o
LOAD ./Drivers/STM32F1xx_HAL_Driver/Src/stm32f1xx_hal_tim_ex.o
START GROUP
LOAD d:/system/st/stm32cubeide_1.7.0/stm32cubeide/plugins/com.st.stm32cube.ide.mcu.externaltools.gnu-tools-for-stm32.9-2020-q2-update.win32_2.0.0.202105311346/tools/bin/../lib/gcc/arm-none-eabi/9.3.1/../../../../arm-none-eabi/lib/thumb/v7-m/nofp\libc_nano.a
LOAD d:/system/st/stm32cubeide_1.7.0/stm32cubeide/plugins/com.st.stm32cube.ide.mcu.externaltools.gnu-tools-for-stm32.9-2020-q2-update.win32_2.0.0.202105311346/tools/bin/../lib/gcc/arm-none-eabi/9.3.1/../../../../arm-none-eabi/lib/thumb/v7-m/nofp\libm.a
END GROUP
START GROUP
LOAD d:/system/st/stm32cubeide_1.7.0/stm32cubeide/plugins/com.st.stm32cube.ide.mcu.externaltools.gnu-tools-for-stm32.9-2020-q2-update.win32_2.0.0.202105311346/tools/bin/../lib/gcc/arm-none-eabi/9.3.1/thumb/v7-m/nofp\libgcc.a
LOAD d:/system/st/stm32cubeide_1.7.0/stm32cubeide/plugins/com.st.stm32cube.ide.mcu.externaltools.gnu-tools-for-stm32.9-2020-q2-update.win32_2.0.0.202105311346/tools/bin/../lib/gcc/arm-none-eabi/9.3.1/../../../../arm-none-eabi/lib/thumb/v7-m/nofp\libc_nano.a
END GROUP
START GROUP
LOAD d:/system/st/stm32cubeide_1.7.0/stm32cubeide/plugins/com.st.stm32cube.ide.mcu.externaltools.gnu-tools-for-stm32.9-2020-q2-update.win32_2.0.0.202105311346/tools/bin/../lib/gcc/arm-none-eabi/9.3.1/thumb/v7-m/nofp\libgcc.a
LOAD d:/system/st/stm32cubeide_1.7.0/stm32cubeide/plugins/com.st.stm32cube.ide.mcu.externaltools.gnu-tools-for-stm32.9-2020-q2-update.win32_2.0.0.202105311346/tools/bin/../lib/gcc/arm-none-eabi/9.3.1/../../../../arm-none-eabi/lib/thumb/v7-m/nofp\libc_nano.a
LOAD d:/system/st/stm32cubeide_1.7.0/stm32cubeide/plugins/com.st.stm32cube.ide.mcu.externaltools.gnu-tools-for-stm32.9-2020-q2-update.win32_2.0.0.202105311346/tools/bin/../lib/gcc/arm-none-eabi/9.3.1/../../../../arm-none-eabi/lib/thumb/v7-m/nofp\libnosys.a
END GROUP
START GROUP
LOAD d:/system/st/stm32cubeide_1.7.0/stm32cubeide/plugins/com.st.stm32cube.ide.mcu.externaltools.gnu-tools-for-stm32.9-2020-q2-update.win32_2.0.0.202105311346/tools/bin/../lib/gcc/arm-none-eabi/9.3.1/thumb/v7-m/nofp\libgcc.a
LOAD d:/system/st/stm32cubeide_1.7.0/stm32cubeide/plugins/com.st.stm32cube.ide.mcu.externaltools.gnu-tools-for-stm32.9-2020-q2-update.win32_2.0.0.202105311346/tools/bin/../lib/gcc/arm-none-eabi/9.3.1/../../../../arm-none-eabi/lib/thumb/v7-m/nofp\libc_nano.a
LOAD d:/system/st/stm32cubeide_1.7.0/stm32cubeide/plugins/com.st.stm32cube.ide.mcu.externaltools.gnu-tools-for-stm32.9-2020-q2-update.win32_2.0.0.202105311346/tools/bin/../lib/gcc/arm-none-eabi/9.3.1/../../../../arm-none-eabi/lib/thumb/v7-m/nofp\libnosys.a
END GROUP
LOAD d:/system/st/stm32cubeide_1.7.0/stm32cubeide/plugins/com.st.stm32cube.ide.mcu.externaltools.gnu-tools-for-stm32.9-2020-q2-update.win32_2.0.0.202105311346/tools/bin/../lib/gcc/arm-none-eabi/9.3.1/thumb/v7-m/nofp/crtend.o
LOAD d:/system/st/stm32cubeide_1.7.0/stm32cubeide/plugins/com.st.stm32cube.ide.mcu.externaltools.gnu-tools-for-stm32.9-2020-q2-update.win32_2.0.0.202105311346/tools/bin/../lib/gcc/arm-none-eabi/9.3.1/thumb/v7-m/nofp/crtn.o
                0x0000000020002800                _estack = (ORIGIN (RAM) + LENGTH (RAM))
                0x0000000000000200                _Min_Heap_Size = 0x200
                0x0000000000000400                _Min_Stack_Size = 0x400

.isr_vector     0x0000000008000000      0x10c
                0x0000000008000000                . = ALIGN (0x4)
 *(.isr_vector)
 .isr_vector    0x0000000008000000      0x10c ./Core/Startup/startup_stm32f103c6tx.o
                0x0000000008000000                g_pfnVectors
                0x000000000800010c                . = ALIGN (0x4)

.text           0x000000000800010c     0x2c4c
                0x000000000800010c                . = ALIGN (0x4)
 *(.text)
 .text          0x000000000800010c       0x40 d:/system/st/stm32cubeide_1.7.0/stm32cubeide/plugins/com.st.stm32cube.ide.mcu.externaltools.gnu-tools-for-stm32.9-2020-q2-update.win32_2.0.0.202105311346/tools/bin/../lib/gcc/arm-none-eabi/9.3.1/thumb/v7-m/nofp/crtbegin.o
 *(.text*)
 .text.SCH_Init
                0x000000000800014c       0x1c ./Core/Src/Scheduler.o
                0x000000000800014c                SCH_Init
 .text.SCH_Add_Task
                0x0000000008000168      0x104 ./Core/Src/Scheduler.o
                0x0000000008000168                SCH_Add_Task
 .text.SCH_Update
                0x000000000800026c       0x50 ./Core/Src/Scheduler.o
                0x000000000800026c                SCH_Update
 .text.SCH_Dispatch_Tasks
                0x00000000080002bc       0x78 ./Core/Src/Scheduler.o
                0x00000000080002bc                SCH_Dispatch_Tasks
 .text.SCH_Delete_Task
                0x0000000008000334       0x40 ./Core/Src/Scheduler.o
                0x0000000008000334                SCH_Delete_Task
 .text.get_input_button
                0x0000000008000374       0x50 ./Core/Src/button.o
                0x0000000008000374                get_input_button
 .text.get_pressed_flag
                0x00000000080003c4       0x20 ./Core/Src/button.o
                0x00000000080003c4                get_pressed_flag
 .text.set_pressed_flag
                0x00000000080003e4       0x20 ./Core/Src/button.o
                0x00000000080003e4                set_pressed_flag
 .text.getInputKey
                0x0000000008000404       0xfc ./Core/Src/button.o
                0x0000000008000404                getInputKey
 .text.fsm_automatic
                0x0000000008000500      0x200 ./Core/Src/fsm_automatic.o
                0x0000000008000500                fsm_automatic
 .text.fsm_manual
                0x0000000008000700      0x1ec ./Core/Src/fsm_manual.o
                0x0000000008000700                fsm_manual
 .text.fsm_setting
                0x00000000080008ec       0xe4 ./Core/Src/fsm_setting.o
                0x00000000080008ec                fsm_setting
 .text.init_display
                0x00000000080009d0       0x78 ./Core/Src/led7_segment.o
                0x00000000080009d0                init_display
 .text.display7SEG
                0x0000000008000a48       0x9c ./Core/Src/led7_segment.o
                0x0000000008000a48                display7SEG
 .text.clear_all_LED
                0x0000000008000ae4       0x24 ./Core/Src/led7_segment.o
                0x0000000008000ae4                clear_all_LED
 .text.execute_7SEG_LED
                0x0000000008000b08      0x14c ./Core/Src/led7_segment.o
                0x0000000008000b08                execute_7SEG_LED
 .text.enableSEG
                0x0000000008000c54       0x60 ./Core/Src/led7_segment.o
                0x0000000008000c54                enableSEG
 .text.update_segment_buffer
                0x0000000008000cb4       0x70 ./Core/Src/led7_segment.o
                0x0000000008000cb4                update_segment_buffer
 .text.scan_led7_segment
                0x0000000008000d24       0xb8 ./Core/Src/led7_segment.o
                0x0000000008000d24                scan_led7_segment
 .text.HAL_TIM_PeriodElapsedCallback
                0x0000000008000ddc       0x2c ./Core/Src/main.o
                0x0000000008000ddc                HAL_TIM_PeriodElapsedCallback
 .text.Blink_LED
                0x0000000008000e08       0x14 ./Core/Src/main.o
                0x0000000008000e08                Blink_LED
 .text.main     0x0000000008000e1c       0xb4 ./Core/Src/main.o
                0x0000000008000e1c                main
 .text.SystemClock_Config
                0x0000000008000ed0       0x76 ./Core/Src/main.o
                0x0000000008000ed0                SystemClock_Config
 *fill*         0x0000000008000f46        0x2 
 .text.MX_TIM2_Init
                0x0000000008000f48       0x98 ./Core/Src/main.o
 .text.MX_GPIO_Init
                0x0000000008000fe0       0xe0 ./Core/Src/main.o
 .text.Error_Handler
                0x00000000080010c0        0xa ./Core/Src/main.o
                0x00000000080010c0                Error_Handler
 *fill*         0x00000000080010ca        0x2 
 .text.setTimer
                0x00000000080010cc       0x3c ./Core/Src/software_timer.o
                0x00000000080010cc                setTimer
 .text.timeRun  0x0000000008001108       0x54 ./Core/Src/software_timer.o
                0x0000000008001108                timeRun
 .text.getTimerFlag
                0x000000000800115c       0x20 ./Core/Src/software_timer.o
                0x000000000800115c                getTimerFlag
 .text.setTimerFlag
                0x000000000800117c       0x24 ./Core/Src/software_timer.o
                0x000000000800117c                setTimerFlag
 .text.HAL_MspInit
                0x00000000080011a0       0x64 ./Core/Src/stm32f1xx_hal_msp.o
                0x00000000080011a0                HAL_MspInit
 .text.HAL_TIM_Base_MspInit
                0x0000000008001204       0x48 ./Core/Src/stm32f1xx_hal_msp.o
                0x0000000008001204                HAL_TIM_Base_MspInit
 .text.NMI_Handler
                0x000000000800124c        0x6 ./Core/Src/stm32f1xx_it.o
                0x000000000800124c                NMI_Handler
 .text.HardFault_Handler
                0x0000000008001252        0x6 ./Core/Src/stm32f1xx_it.o
                0x0000000008001252                HardFault_Handler
 .text.MemManage_Handler
                0x0000000008001258        0x6 ./Core/Src/stm32f1xx_it.o
                0x0000000008001258                MemManage_Handler
 .text.BusFault_Handler
                0x000000000800125e        0x6 ./Core/Src/stm32f1xx_it.o
                0x000000000800125e                BusFault_Handler
 .text.UsageFault_Handler
                0x0000000008001264        0x6 ./Core/Src/stm32f1xx_it.o
                0x0000000008001264                UsageFault_Handler
 .text.SVC_Handler
                0x000000000800126a        0xc ./Core/Src/stm32f1xx_it.o
                0x000000000800126a                SVC_Handler
 .text.DebugMon_Handler
                0x0000000008001276        0xc ./Core/Src/stm32f1xx_it.o
                0x0000000008001276                DebugMon_Handler
 .text.PendSV_Handler
                0x0000000008001282        0xc ./Core/Src/stm32f1xx_it.o
                0x0000000008001282                PendSV_Handler
 .text.SysTick_Handler
                0x000000000800128e        0xc ./Core/Src/stm32f1xx_it.o
                0x000000000800128e                SysTick_Handler
 *fill*         0x000000000800129a        0x2 
 .text.TIM2_IRQHandler
                0x000000000800129c       0x14 ./Core/Src/stm32f1xx_it.o
                0x000000000800129c                TIM2_IRQHandler
 .text._sbrk    0x00000000080012b0       0x6c ./Core/Src/sysmem.o
                0x00000000080012b0                _sbrk
 .text.SystemInit
                0x000000000800131c        0xc ./Core/Src/system_stm32f1xx.o
                0x000000000800131c                SystemInit
 .text.display_led_traffic
                0x0000000008001328       0x7c ./Core/Src/traffic_light.o
                0x0000000008001328                display_led_traffic
 .text.led_red_and_green
                0x00000000080013a4       0x20 ./Core/Src/traffic_light.o
                0x00000000080013a4                led_red_and_green
 .text.led_red_and_yellow
                0x00000000080013c4       0x20 ./Core/Src/traffic_light.o
                0x00000000080013c4                led_red_and_yellow
 .text.led_green_and_red
                0x00000000080013e4       0x20 ./Core/Src/traffic_light.o
                0x00000000080013e4                led_green_and_red
 .text.led_yellow_and_red
                0x0000000008001404       0x20 ./Core/Src/traffic_light.o
                0x0000000008001404                led_yellow_and_red
 .text.toggle_led_red
                0x0000000008001424       0x50 ./Core/Src/traffic_light.o
                0x0000000008001424                toggle_led_red
 .text.toggle_led_yellow
                0x0000000008001474       0x50 ./Core/Src/traffic_light.o
                0x0000000008001474                toggle_led_yellow
 .text.toggle_led_green
                0x00000000080014c4       0x50 ./Core/Src/traffic_light.o
                0x00000000080014c4                toggle_led_green
 .text.Reset_Handler
                0x0000000008001514       0x48 ./Core/Startup/startup_stm32f103c6tx.o
                0x0000000008001514                Reset_Handler
 .text.Default_Handler
                0x000000000800155c        0x2 ./Core/Startup/startup_stm32f103c6tx.o
                0x000000000800155c                RTC_Alarm_IRQHandler
                0x000000000800155c                EXTI2_IRQHandler
                0x000000000800155c                TIM1_CC_IRQHandler
                0x000000000800155c                PVD_IRQHandler
                0x000000000800155c                EXTI3_IRQHandler
                0x000000000800155c                EXTI0_IRQHandler
                0x000000000800155c                ADC1_2_IRQHandler
                0x000000000800155c                SPI1_IRQHandler
                0x000000000800155c                TAMPER_IRQHandler
                0x000000000800155c                DMA1_Channel4_IRQHandler
                0x000000000800155c                RTC_IRQHandler
                0x000000000800155c                DMA1_Channel7_IRQHandler
                0x000000000800155c                CAN1_RX1_IRQHandler
                0x000000000800155c                I2C1_EV_IRQHandler
                0x000000000800155c                DMA1_Channel6_IRQHandler
                0x000000000800155c                TIM3_IRQHandler
                0x000000000800155c                RCC_IRQHandler
                0x000000000800155c                TIM1_TRG_COM_IRQHandler
                0x000000000800155c                DMA1_Channel1_IRQHandler
                0x000000000800155c                Default_Handler
                0x000000000800155c                EXTI15_10_IRQHandler
                0x000000000800155c                EXTI9_5_IRQHandler
                0x000000000800155c                DMA1_Channel5_IRQHandler
                0x000000000800155c                EXTI4_IRQHandler
                0x000000000800155c                USB_LP_CAN1_RX0_IRQHandler
                0x000000000800155c                USB_HP_CAN1_TX_IRQHandler
                0x000000000800155c                DMA1_Channel3_IRQHandler
                0x000000000800155c                TIM1_UP_IRQHandler
                0x000000000800155c                WWDG_IRQHandler
                0x000000000800155c                TIM1_BRK_IRQHandler
                0x000000000800155c                EXTI1_IRQHandler
                0x000000000800155c                USART2_IRQHandler
                0x000000000800155c                DMA1_Channel2_IRQHandler
                0x000000000800155c                CAN1_SCE_IRQHandler
                0x000000000800155c                FLASH_IRQHandler
                0x000000000800155c                USART1_IRQHandler
                0x000000000800155c                I2C1_ER_IRQHandler
                0x000000000800155c                USBWakeUp_IRQHandler
 *fill*         0x000000000800155e        0x2 
 .text.HAL_Init
                0x0000000008001560       0x2c ./Drivers/STM32F1xx_HAL_Driver/Src/stm32f1xx_hal.o
                0x0000000008001560                HAL_Init
 .text.HAL_InitTick
                0x000000000800158c       0x60 ./Drivers/STM32F1xx_HAL_Driver/Src/stm32f1xx_hal.o
                0x000000000800158c                HAL_InitTick
 .text.HAL_IncTick
                0x00000000080015ec       0x24 ./Drivers/STM32F1xx_HAL_Driver/Src/stm32f1xx_hal.o
                0x00000000080015ec                HAL_IncTick
 .text.HAL_GetTick
                0x0000000008001610       0x14 ./Drivers/STM32F1xx_HAL_Driver/Src/stm32f1xx_hal.o
                0x0000000008001610                HAL_GetTick
 .text.__NVIC_SetPriorityGrouping
                0x0000000008001624       0x48 ./Drivers/STM32F1xx_HAL_Driver/Src/stm32f1xx_hal_cortex.o
 .text.__NVIC_GetPriorityGrouping
                0x000000000800166c       0x1c ./Drivers/STM32F1xx_HAL_Driver/Src/stm32f1xx_hal_cortex.o
 .text.__NVIC_EnableIRQ
                0x0000000008001688       0x38 ./Drivers/STM32F1xx_HAL_Driver/Src/stm32f1xx_hal_cortex.o
 .text.__NVIC_SetPriority
                0x00000000080016c0       0x54 ./Drivers/STM32F1xx_HAL_Driver/Src/stm32f1xx_hal_cortex.o
 .text.NVIC_EncodePriority
                0x0000000008001714       0x64 ./Drivers/STM32F1xx_HAL_Driver/Src/stm32f1xx_hal_cortex.o
 .text.SysTick_Config
                0x0000000008001778       0x44 ./Drivers/STM32F1xx_HAL_Driver/Src/stm32f1xx_hal_cortex.o
 .text.HAL_NVIC_SetPriorityGrouping
                0x00000000080017bc       0x16 ./Drivers/STM32F1xx_HAL_Driver/Src/stm32f1xx_hal_cortex.o
                0x00000000080017bc                HAL_NVIC_SetPriorityGrouping
 .text.HAL_NVIC_SetPriority
                0x00000000080017d2       0x38 ./Drivers/STM32F1xx_HAL_Driver/Src/stm32f1xx_hal_cortex.o
                0x00000000080017d2                HAL_NVIC_SetPriority
 .text.HAL_NVIC_EnableIRQ
                0x000000000800180a       0x1c ./Drivers/STM32F1xx_HAL_Driver/Src/stm32f1xx_hal_cortex.o
                0x000000000800180a                HAL_NVIC_EnableIRQ
 .text.HAL_SYSTICK_Config
                0x0000000008001826       0x18 ./Drivers/STM32F1xx_HAL_Driver/Src/stm32f1xx_hal_cortex.o
                0x0000000008001826                HAL_SYSTICK_Config
 *fill*         0x000000000800183e        0x2 
 .text.HAL_GPIO_Init
                0x0000000008001840      0x2f4 ./Drivers/STM32F1xx_HAL_Driver/Src/stm32f1xx_hal_gpio.o
                0x0000000008001840                HAL_GPIO_Init
 .text.HAL_GPIO_ReadPin
                0x0000000008001b34       0x2e ./Drivers/STM32F1xx_HAL_Driver/Src/stm32f1xx_hal_gpio.o
                0x0000000008001b34                HAL_GPIO_ReadPin
 .text.HAL_GPIO_WritePin
                0x0000000008001b62       0x30 ./Drivers/STM32F1xx_HAL_Driver/Src/stm32f1xx_hal_gpio.o
                0x0000000008001b62                HAL_GPIO_WritePin
 .text.HAL_GPIO_TogglePin
                0x0000000008001b92       0x32 ./Drivers/STM32F1xx_HAL_Driver/Src/stm32f1xx_hal_gpio.o
                0x0000000008001b92                HAL_GPIO_TogglePin
 .text.HAL_RCC_OscConfig
                0x0000000008001bc4      0x500 ./Drivers/STM32F1xx_HAL_Driver/Src/stm32f1xx_hal_rcc.o
                0x0000000008001bc4                HAL_RCC_OscConfig
 .text.HAL_RCC_ClockConfig
                0x00000000080020c4      0x1d4 ./Drivers/STM32F1xx_HAL_Driver/Src/stm32f1xx_hal_rcc.o
                0x00000000080020c4                HAL_RCC_ClockConfig
 .text.HAL_RCC_GetSysClockFreq
                0x0000000008002298       0xa8 ./Drivers/STM32F1xx_HAL_Driver/Src/stm32f1xx_hal_rcc.o
                0x0000000008002298                HAL_RCC_GetSysClockFreq
 .text.RCC_Delay
                0x0000000008002340       0x3c ./Drivers/STM32F1xx_HAL_Driver/Src/stm32f1xx_hal_rcc.o
 .text.HAL_TIM_Base_Init
                0x000000000800237c       0x9e ./Drivers/STM32F1xx_HAL_Driver/Src/stm32f1xx_hal_tim.o
                0x000000000800237c                HAL_TIM_Base_Init
 *fill*         0x000000000800241a        0x2 
 .text.HAL_TIM_Base_Start_IT
                0x000000000800241c       0x98 ./Drivers/STM32F1xx_HAL_Driver/Src/stm32f1xx_hal_tim.o
                0x000000000800241c                HAL_TIM_Base_Start_IT
 .text.HAL_TIM_IRQHandler
                0x00000000080024b4      0x1e0 ./Drivers/STM32F1xx_HAL_Driver/Src/stm32f1xx_hal_tim.o
                0x00000000080024b4                HAL_TIM_IRQHandler
 .text.HAL_TIM_ConfigClockSource
                0x0000000008002694      0x18e ./Drivers/STM32F1xx_HAL_Driver/Src/stm32f1xx_hal_tim.o
                0x0000000008002694                HAL_TIM_ConfigClockSource
 .text.HAL_TIM_OC_DelayElapsedCallback
                0x0000000008002822       0x12 ./Drivers/STM32F1xx_HAL_Driver/Src/stm32f1xx_hal_tim.o
                0x0000000008002822                HAL_TIM_OC_DelayElapsedCallback
 .text.HAL_TIM_IC_CaptureCallback
                0x0000000008002834       0x12 ./Drivers/STM32F1xx_HAL_Driver/Src/stm32f1xx_hal_tim.o
                0x0000000008002834                HAL_TIM_IC_CaptureCallback
 .text.HAL_TIM_PWM_PulseFinishedCallback
                0x0000000008002846       0x12 ./Drivers/STM32F1xx_HAL_Driver/Src/stm32f1xx_hal_tim.o
                0x0000000008002846                HAL_TIM_PWM_PulseFinishedCallback
 .text.HAL_TIM_TriggerCallback
                0x0000000008002858       0x12 ./Drivers/STM32F1xx_HAL_Driver/Src/stm32f1xx_hal_tim.o
                0x0000000008002858                HAL_TIM_TriggerCallback
 *fill*         0x000000000800286a        0x2 
 .text.TIM_Base_SetConfig
                0x000000000800286c       0xc8 ./Drivers/STM32F1xx_HAL_Driver/Src/stm32f1xx_hal_tim.o
                0x000000000800286c                TIM_Base_SetConfig
 .text.TIM_TI1_ConfigInputStage
                0x0000000008002934       0x5c ./Drivers/STM32F1xx_HAL_Driver/Src/stm32f1xx_hal_tim.o
 .text.TIM_TI2_ConfigInputStage
                0x0000000008002990       0x5e ./Drivers/STM32F1xx_HAL_Driver/Src/stm32f1xx_hal_tim.o
 .text.TIM_ITRx_SetConfig
                0x00000000080029ee       0x34 ./Drivers/STM32F1xx_HAL_Driver/Src/stm32f1xx_hal_tim.o
 .text.TIM_ETR_SetConfig
                0x0000000008002a22       0x3e ./Drivers/STM32F1xx_HAL_Driver/Src/stm32f1xx_hal_tim.o
                0x0000000008002a22                TIM_ETR_SetConfig
 .text.HAL_TIMEx_MasterConfigSynchronization
                0x0000000008002a60       0xb0 ./Drivers/STM32F1xx_HAL_Driver/Src/stm32f1xx_hal_tim_ex.o
                0x0000000008002a60                HAL_TIMEx_MasterConfigSynchronization
 .text.HAL_TIMEx_CommutCallback
                0x0000000008002b10       0x12 ./Drivers/STM32F1xx_HAL_Driver/Src/stm32f1xx_hal_tim_ex.o
                0x0000000008002b10                HAL_TIMEx_CommutCallback
 .text.HAL_TIMEx_BreakCallback
                0x0000000008002b22       0x12 ./Drivers/STM32F1xx_HAL_Driver/Src/stm32f1xx_hal_tim_ex.o
                0x0000000008002b22                HAL_TIMEx_BreakCallback
 .text.__errno  0x0000000008002b34        0xc d:/system/st/stm32cubeide_1.7.0/stm32cubeide/plugins/com.st.stm32cube.ide.mcu.externaltools.gnu-tools-for-stm32.9-2020-q2-update.win32_2.0.0.202105311346/tools/bin/../lib/gcc/arm-none-eabi/9.3.1/../../../../arm-none-eabi/lib/thumb/v7-m/nofp\libc_nano.a(lib_a-errno.o)
                0x0000000008002b34                __errno
 .text.__libc_init_array
                0x0000000008002b40       0x48 d:/system/st/stm32cubeide_1.7.0/stm32cubeide/plugins/com.st.stm32cube.ide.mcu.externaltools.gnu-tools-for-stm32.9-2020-q2-update.win32_2.0.0.202105311346/tools/bin/../lib/gcc/arm-none-eabi/9.3.1/../../../../arm-none-eabi/lib/thumb/v7-m/nofp\libc_nano.a(lib_a-init.o)
                0x0000000008002b40                __libc_init_array
 .text.malloc   0x0000000008002b88       0x10 d:/system/st/stm32cubeide_1.7.0/stm32cubeide/plugins/com.st.stm32cube.ide.mcu.externaltools.gnu-tools-for-stm32.9-2020-q2-update.win32_2.0.0.202105311346/tools/bin/../lib/gcc/arm-none-eabi/9.3.1/../../../../arm-none-eabi/lib/thumb/v7-m/nofp\libc_nano.a(lib_a-malloc.o)
                0x0000000008002b88                malloc
 .text.free     0x0000000008002b98       0x10 d:/system/st/stm32cubeide_1.7.0/stm32cubeide/plugins/com.st.stm32cube.ide.mcu.externaltools.gnu-tools-for-stm32.9-2020-q2-update.win32_2.0.0.202105311346/tools/bin/../lib/gcc/arm-none-eabi/9.3.1/../../../../arm-none-eabi/lib/thumb/v7-m/nofp\libc_nano.a(lib_a-malloc.o)
                0x0000000008002b98                free
 .text.memset   0x0000000008002ba8       0x10 d:/system/st/stm32cubeide_1.7.0/stm32cubeide/plugins/com.st.stm32cube.ide.mcu.externaltools.gnu-tools-for-stm32.9-2020-q2-update.win32_2.0.0.202105311346/tools/bin/../lib/gcc/arm-none-eabi/9.3.1/../../../../arm-none-eabi/lib/thumb/v7-m/nofp\libc_nano.a(lib_a-memset.o)
                0x0000000008002ba8                memset
 .text._free_r  0x0000000008002bb8       0x98 d:/system/st/stm32cubeide_1.7.0/stm32cubeide/plugins/com.st.stm32cube.ide.mcu.externaltools.gnu-tools-for-stm32.9-2020-q2-update.win32_2.0.0.202105311346/tools/bin/../lib/gcc/arm-none-eabi/9.3.1/../../../../arm-none-eabi/lib/thumb/v7-m/nofp\libc_nano.a(lib_a-nano-freer.o)
                0x0000000008002bb8                _free_r
 .text._malloc_r
                0x0000000008002c50       0xb4 d:/system/st/stm32cubeide_1.7.0/stm32cubeide/plugins/com.st.stm32cube.ide.mcu.externaltools.gnu-tools-for-stm32.9-2020-q2-update.win32_2.0.0.202105311346/tools/bin/../lib/gcc/arm-none-eabi/9.3.1/../../../../arm-none-eabi/lib/thumb/v7-m/nofp\libc_nano.a(lib_a-nano-mallocr.o)
                0x0000000008002c50                _malloc_r
 .text._sbrk_r  0x0000000008002d04       0x20 d:/system/st/stm32cubeide_1.7.0/stm32cubeide/plugins/com.st.stm32cube.ide.mcu.externaltools.gnu-tools-for-stm32.9-2020-q2-update.win32_2.0.0.202105311346/tools/bin/../lib/gcc/arm-none-eabi/9.3.1/../../../../arm-none-eabi/lib/thumb/v7-m/nofp\libc_nano.a(lib_a-sbrkr.o)
                0x0000000008002d04                _sbrk_r
 .text.__malloc_lock
                0x0000000008002d24        0xc d:/system/st/stm32cubeide_1.7.0/stm32cubeide/plugins/com.st.stm32cube.ide.mcu.externaltools.gnu-tools-for-stm32.9-2020-q2-update.win32_2.0.0.202105311346/tools/bin/../lib/gcc/arm-none-eabi/9.3.1/../../../../arm-none-eabi/lib/thumb/v7-m/nofp\libc_nano.a(lib_a-mlock.o)
                0x0000000008002d24                __malloc_lock
 .text.__malloc_unlock
                0x0000000008002d30        0xc d:/system/st/stm32cubeide_1.7.0/stm32cubeide/plugins/com.st.stm32cube.ide.mcu.externaltools.gnu-tools-for-stm32.9-2020-q2-update.win32_2.0.0.202105311346/tools/bin/../lib/gcc/arm-none-eabi/9.3.1/../../../../arm-none-eabi/lib/thumb/v7-m/nofp\libc_nano.a(lib_a-mlock.o)
                0x0000000008002d30                __malloc_unlock
 .text.__retarget_lock_acquire_recursive
                0x0000000008002d3c        0x2 d:/system/st/stm32cubeide_1.7.0/stm32cubeide/plugins/com.st.stm32cube.ide.mcu.externaltools.gnu-tools-for-stm32.9-2020-q2-update.win32_2.0.0.202105311346/tools/bin/../lib/gcc/arm-none-eabi/9.3.1/../../../../arm-none-eabi/lib/thumb/v7-m/nofp\libc_nano.a(lib_a-lock.o)
                0x0000000008002d3c                __retarget_lock_acquire_recursive
 .text.__retarget_lock_release_recursive
                0x0000000008002d3e        0x2 d:/system/st/stm32cubeide_1.7.0/stm32cubeide/plugins/com.st.stm32cube.ide.mcu.externaltools.gnu-tools-for-stm32.9-2020-q2-update.win32_2.0.0.202105311346/tools/bin/../lib/gcc/arm-none-eabi/9.3.1/../../../../arm-none-eabi/lib/thumb/v7-m/nofp\libc_nano.a(lib_a-lock.o)
                0x0000000008002d3e                __retarget_lock_release_recursive
 *(.glue_7)
 .glue_7        0x0000000008002d40        0x0 linker stubs
 *(.glue_7t)
 .glue_7t       0x0000000008002d40        0x0 linker stubs
 *(.eh_frame)
 .eh_frame      0x0000000008002d40        0x0 d:/system/st/stm32cubeide_1.7.0/stm32cubeide/plugins/com.st.stm32cube.ide.mcu.externaltools.gnu-tools-for-stm32.9-2020-q2-update.win32_2.0.0.202105311346/tools/bin/../lib/gcc/arm-none-eabi/9.3.1/thumb/v7-m/nofp/crtbegin.o
 *(.init)
 .init          0x0000000008002d40        0x4 d:/system/st/stm32cubeide_1.7.0/stm32cubeide/plugins/com.st.stm32cube.ide.mcu.externaltools.gnu-tools-for-stm32.9-2020-q2-update.win32_2.0.0.202105311346/tools/bin/../lib/gcc/arm-none-eabi/9.3.1/thumb/v7-m/nofp/crti.o
                0x0000000008002d40                _init
 .init          0x0000000008002d44        0x8 d:/system/st/stm32cubeide_1.7.0/stm32cubeide/plugins/com.st.stm32cube.ide.mcu.externaltools.gnu-tools-for-stm32.9-2020-q2-update.win32_2.0.0.202105311346/tools/bin/../lib/gcc/arm-none-eabi/9.3.1/thumb/v7-m/nofp/crtn.o
 *(.fini)
 .fini          0x0000000008002d4c        0x4 d:/system/st/stm32cubeide_1.7.0/stm32cubeide/plugins/com.st.stm32cube.ide.mcu.externaltools.gnu-tools-for-stm32.9-2020-q2-update.win32_2.0.0.202105311346/tools/bin/../lib/gcc/arm-none-eabi/9.3.1/thumb/v7-m/nofp/crti.o
                0x0000000008002d4c                _fini
 .fini          0x0000000008002d50        0x8 d:/system/st/stm32cubeide_1.7.0/stm32cubeide/plugins/com.st.stm32cube.ide.mcu.externaltools.gnu-tools-for-stm32.9-2020-q2-update.win32_2.0.0.202105311346/tools/bin/../lib/gcc/arm-none-eabi/9.3.1/thumb/v7-m/nofp/crtn.o
                0x0000000008002d58                . = ALIGN (0x4)
                0x0000000008002d58                _etext = .

.vfp11_veneer   0x0000000008002d58        0x0
 .vfp11_veneer  0x0000000008002d58        0x0 linker stubs

.v4_bx          0x0000000008002d58        0x0
 .v4_bx         0x0000000008002d58        0x0 linker stubs

.iplt           0x0000000008002d58        0x0
 .iplt          0x0000000008002d58        0x0 d:/system/st/stm32cubeide_1.7.0/stm32cubeide/plugins/com.st.stm32cube.ide.mcu.externaltools.gnu-tools-for-stm32.9-2020-q2-update.win32_2.0.0.202105311346/tools/bin/../lib/gcc/arm-none-eabi/9.3.1/thumb/v7-m/nofp/crtbegin.o

.rodata         0x0000000008002d58       0x24
                0x0000000008002d58                . = ALIGN (0x4)
 *(.rodata)
 *(.rodata*)
 .rodata.AHBPrescTable
                0x0000000008002d58       0x10 ./Core/Src/system_stm32f1xx.o
                0x0000000008002d58                AHBPrescTable
 .rodata.aPLLMULFactorTable.6032
                0x0000000008002d68       0x10 ./Drivers/STM32F1xx_HAL_Driver/Src/stm32f1xx_hal_rcc.o
 .rodata.aPredivFactorTable.6033
                0x0000000008002d78        0x2 ./Drivers/STM32F1xx_HAL_Driver/Src/stm32f1xx_hal_rcc.o
                0x0000000008002d7c                . = ALIGN (0x4)
 *fill*         0x0000000008002d7a        0x2 

.rel.dyn        0x0000000008002d7c        0x0
 .rel.iplt      0x0000000008002d7c        0x0 d:/system/st/stm32cubeide_1.7.0/stm32cubeide/plugins/com.st.stm32cube.ide.mcu.externaltools.gnu-tools-for-stm32.9-2020-q2-update.win32_2.0.0.202105311346/tools/bin/../lib/gcc/arm-none-eabi/9.3.1/thumb/v7-m/nofp/crtbegin.o

.ARM.extab      0x0000000008002d7c        0x0
                0x0000000008002d7c                . = ALIGN (0x4)
 *(.ARM.extab* .gnu.linkonce.armextab.*)
                0x0000000008002d7c                . = ALIGN (0x4)

.ARM            0x0000000008002d7c        0x0
                0x0000000008002d7c                . = ALIGN (0x4)
                0x0000000008002d7c                __exidx_start = .
 *(.ARM.exidx*)
                0x0000000008002d7c                __exidx_end = .
                0x0000000008002d7c                . = ALIGN (0x4)

.preinit_array  0x0000000008002d7c        0x0
                0x0000000008002d7c                . = ALIGN (0x4)
                0x0000000008002d7c                PROVIDE (__preinit_array_start = .)
 *(.preinit_array*)
                0x0000000008002d7c                PROVIDE (__preinit_array_end = .)
                0x0000000008002d7c                . = ALIGN (0x4)

.init_array     0x0000000008002d7c        0x4
                0x0000000008002d7c                . = ALIGN (0x4)
                0x0000000008002d7c                PROVIDE (__init_array_start = .)
 *(SORT_BY_NAME(.init_array.*))
 *(.init_array*)
 .init_array    0x0000000008002d7c        0x4 d:/system/st/stm32cubeide_1.7.0/stm32cubeide/plugins/com.st.stm32cube.ide.mcu.externaltools.gnu-tools-for-stm32.9-2020-q2-update.win32_2.0.0.202105311346/tools/bin/../lib/gcc/arm-none-eabi/9.3.1/thumb/v7-m/nofp/crtbegin.o
                0x0000000008002d80                PROVIDE (__init_array_end = .)
                0x0000000008002d80                . = ALIGN (0x4)

.fini_array     0x0000000008002d80        0x4
                0x0000000008002d80                . = ALIGN (0x4)
                [!provide]                        PROVIDE (__fini_array_start = .)
 *(SORT_BY_NAME(.fini_array.*))
 *(.fini_array*)
 .fini_array    0x0000000008002d80        0x4 d:/system/st/stm32cubeide_1.7.0/stm32cubeide/plugins/com.st.stm32cube.ide.mcu.externaltools.gnu-tools-for-stm32.9-2020-q2-update.win32_2.0.0.202105311346/tools/bin/../lib/gcc/arm-none-eabi/9.3.1/thumb/v7-m/nofp/crtbegin.o
                [!provide]                        PROVIDE (__fini_array_end = .)
                0x0000000008002d84                . = ALIGN (0x4)
                0x0000000008002d84                _sidata = LOADADDR (.data)

.data           0x0000000020000000       0x80 load address 0x0000000008002d84
                0x0000000020000000                . = ALIGN (0x4)
                0x0000000020000000                _sdata = .
 *(.data)
 *(.data*)
 .data.green_time
                0x0000000020000000        0x4 ./Core/Src/global.o
                0x0000000020000000                green_time
 .data.yellow_time
                0x0000000020000004        0x4 ./Core/Src/global.o
                0x0000000020000004                yellow_time
 .data.red_time
                0x0000000020000008        0x4 ./Core/Src/global.o
                0x0000000020000008                red_time
 .data.SystemCoreClock
                0x000000002000000c        0x4 ./Core/Src/system_stm32f1xx.o
                0x000000002000000c                SystemCoreClock
 .data.toggle   0x0000000020000010        0x1 ./Core/Src/traffic_light.o
                0x0000000020000010                toggle
 *fill*         0x0000000020000011        0x3 
 .data.uwTickPrio
                0x0000000020000014        0x4 ./Drivers/STM32F1xx_HAL_Driver/Src/stm32f1xx_hal.o
                0x0000000020000014                uwTickPrio
 .data.uwTickFreq
                0x0000000020000018        0x1 ./Drivers/STM32F1xx_HAL_Driver/Src/stm32f1xx_hal.o
                0x0000000020000018                uwTickFreq
 *fill*         0x0000000020000019        0x3 
 .data._impure_ptr
                0x000000002000001c        0x4 d:/system/st/stm32cubeide_1.7.0/stm32cubeide/plugins/com.st.stm32cube.ide.mcu.externaltools.gnu-tools-for-stm32.9-2020-q2-update.win32_2.0.0.202105311346/tools/bin/../lib/gcc/arm-none-eabi/9.3.1/../../../../arm-none-eabi/lib/thumb/v7-m/nofp\libc_nano.a(lib_a-impure.o)
                0x000000002000001c                _impure_ptr
 .data.impure_data
                0x0000000020000020       0x60 d:/system/st/stm32cubeide_1.7.0/stm32cubeide/plugins/com.st.stm32cube.ide.mcu.externaltools.gnu-tools-for-stm32.9-2020-q2-update.win32_2.0.0.202105311346/tools/bin/../lib/gcc/arm-none-eabi/9.3.1/../../../../arm-none-eabi/lib/thumb/v7-m/nofp\libc_nano.a(lib_a-impure.o)
 *(.RamFunc)
 *(.RamFunc*)
                0x0000000020000080                . = ALIGN (0x4)
                0x0000000020000080                _edata = .

.igot.plt       0x0000000020000080        0x0 load address 0x0000000008002e04
 .igot.plt      0x0000000020000080        0x0 d:/system/st/stm32cubeide_1.7.0/stm32cubeide/plugins/com.st.stm32cube.ide.mcu.externaltools.gnu-tools-for-stm32.9-2020-q2-update.win32_2.0.0.202105311346/tools/bin/../lib/gcc/arm-none-eabi/9.3.1/thumb/v7-m/nofp/crtbegin.o
                0x0000000020000080                . = ALIGN (0x4)

.bss            0x0000000020000080      0x170 load address 0x0000000008002e04
                0x0000000020000080                _sbss = .
                0x0000000020000080                __bss_start__ = _sbss
 *(.bss)
 .bss           0x0000000020000080       0x1c d:/system/st/stm32cubeide_1.7.0/stm32cubeide/plugins/com.st.stm32cube.ide.mcu.externaltools.gnu-tools-for-stm32.9-2020-q2-update.win32_2.0.0.202105311346/tools/bin/../lib/gcc/arm-none-eabi/9.3.1/thumb/v7-m/nofp/crtbegin.o
 *(.bss*)
 .bss.time_counter
                0x000000002000009c        0x4 ./Core/Src/fsm_automatic.o
                0x000000002000009c                time_counter
 .bss.status    0x00000000200000a0        0x1 ./Core/Src/global.o
                0x00000000200000a0                status
 .bss.state     0x00000000200000a1        0x1 ./Core/Src/led7_segment.o
 *fill*         0x00000000200000a2        0x2 
 .bss.led_buffer
                0x00000000200000a4        0x4 ./Core/Src/led7_segment.o
                0x00000000200000a4                led_buffer
 .bss.timer_counter
                0x00000000200000a8       0x28 ./Core/Src/software_timer.o
 .bss.timer_flag
                0x00000000200000d0        0xa ./Core/Src/software_timer.o
 *fill*         0x00000000200000da        0x2 
 .bss.__sbrk_heap_end
                0x00000000200000dc        0x4 ./Core/Src/sysmem.o
 .bss.__malloc_free_list
                0x00000000200000e0        0x4 d:/system/st/stm32cubeide_1.7.0/stm32cubeide/plugins/com.st.stm32cube.ide.mcu.externaltools.gnu-tools-for-stm32.9-2020-q2-update.win32_2.0.0.202105311346/tools/bin/../lib/gcc/arm-none-eabi/9.3.1/../../../../arm-none-eabi/lib/thumb/v7-m/nofp\libc_nano.a(lib_a-nano-mallocr.o)
                0x00000000200000e0                __malloc_free_list
 .bss.__malloc_sbrk_start
                0x00000000200000e4        0x4 d:/system/st/stm32cubeide_1.7.0/stm32cubeide/plugins/com.st.stm32cube.ide.mcu.externaltools.gnu-tools-for-stm32.9-2020-q2-update.win32_2.0.0.202105311346/tools/bin/../lib/gcc/arm-none-eabi/9.3.1/../../../../arm-none-eabi/lib/thumb/v7-m/nofp\libc_nano.a(lib_a-nano-mallocr.o)
                0x00000000200000e4                __malloc_sbrk_start
 *(COMMON)
 COMMON         0x00000000200000e8        0x8 ./Core/Src/Scheduler.o
                0x00000000200000e8                list
 COMMON         0x00000000200000f0       0x64 ./Core/Src/button.o
                0x00000000200000f0                PressedFlag
                0x00000000200000fc                KeyReg3
                0x0000000020000108                KeyReg0
                0x0000000020000114                KeyReg1
                0x0000000020000120                KeyReg2
                0x000000002000012c                timeForKeyPress
 COMMON         0x0000000020000154        0x4 ./Core/Src/fsm_automatic.o
                0x0000000020000154                red_counter
 COMMON         0x0000000020000158       0x3c ./Core/Src/led7_segment.o
                0x0000000020000158                LED_segment
 COMMON         0x0000000020000194       0x48 ./Core/Src/main.o
                0x0000000020000194                htim2
 COMMON         0x00000000200001dc        0x4 ./Drivers/STM32F1xx_HAL_Driver/Src/stm32f1xx_hal.o
                0x00000000200001dc                uwTick
 COMMON         0x00000000200001e0        0x4 d:/system/st/stm32cubeide_1.7.0/stm32cubeide/plugins/com.st.stm32cube.ide.mcu.externaltools.gnu-tools-for-stm32.9-2020-q2-update.win32_2.0.0.202105311346/tools/bin/../lib/gcc/arm-none-eabi/9.3.1/../../../../arm-none-eabi/lib/thumb/v7-m/nofp\libc_nano.a(lib_a-reent.o)
                0x00000000200001e0                errno
 COMMON         0x00000000200001e4        0x9 d:/system/st/stm32cubeide_1.7.0/stm32cubeide/plugins/com.st.stm32cube.ide.mcu.externaltools.gnu-tools-for-stm32.9-2020-q2-update.win32_2.0.0.202105311346/tools/bin/../lib/gcc/arm-none-eabi/9.3.1/../../../../arm-none-eabi/lib/thumb/v7-m/nofp\libc_nano.a(lib_a-lock.o)
                0x00000000200001e4                __lock___atexit_recursive_mutex
                0x00000000200001e5                __lock___arc4random_mutex
                0x00000000200001e6                __lock___env_recursive_mutex
                0x00000000200001e7                __lock___sinit_recursive_mutex
                0x00000000200001e8                __lock___malloc_recursive_mutex
                0x00000000200001e9                __lock___at_quick_exit_mutex
                0x00000000200001ea                __lock___dd_hash_mutex
                0x00000000200001eb                __lock___tz_mutex
                0x00000000200001ec                __lock___sfp_recursive_mutex
                0x00000000200001f0                . = ALIGN (0x4)
 *fill*         0x00000000200001ed        0x3 
                0x00000000200001f0                _ebss = .
                0x00000000200001f0                __bss_end__ = _ebss

._user_heap_stack
                0x00000000200001f0      0x600 load address 0x0000000008002e04
                0x00000000200001f0                . = ALIGN (0x8)
                [!provide]                        PROVIDE (end = .)
                0x00000000200001f0                PROVIDE (_end = .)
                0x00000000200003f0                . = (. + _Min_Heap_Size)
 *fill*         0x00000000200001f0      0x200 
                0x00000000200007f0                . = (. + _Min_Stack_Size)
 *fill*         0x00000000200003f0      0x400 
                0x00000000200007f0                . = ALIGN (0x8)

/DISCARD/
 libc.a(*)
 libm.a(*)
 libgcc.a(*)

.ARM.attributes
                0x0000000000000000       0x29
 *(.ARM.attributes)
 .ARM.attributes
                0x0000000000000000       0x1d d:/system/st/stm32cubeide_1.7.0/stm32cubeide/plugins/com.st.stm32cube.ide.mcu.externaltools.gnu-tools-for-stm32.9-2020-q2-update.win32_2.0.0.202105311346/tools/bin/../lib/gcc/arm-none-eabi/9.3.1/thumb/v7-m/nofp/crti.o
 .ARM.attributes
                0x000000000000001d       0x2d d:/system/st/stm32cubeide_1.7.0/stm32cubeide/plugins/com.st.stm32cube.ide.mcu.externaltools.gnu-tools-for-stm32.9-2020-q2-update.win32_2.0.0.202105311346/tools/bin/../lib/gcc/arm-none-eabi/9.3.1/thumb/v7-m/nofp/crtbegin.o
 .ARM.attributes
                0x000000000000004a       0x2d ./Core/Src/Scheduler.o
 .ARM.attributes
                0x0000000000000077       0x2d ./Core/Src/button.o
 .ARM.attributes
                0x00000000000000a4       0x2d ./Core/Src/fsm_automatic.o
 .ARM.attributes
                0x00000000000000d1       0x2d ./Core/Src/fsm_manual.o
 .ARM.attributes
                0x00000000000000fe       0x2d ./Core/Src/fsm_setting.o
 .ARM.attributes
                0x000000000000012b       0x33 ./Core/Src/global.o
 .ARM.attributes
                0x000000000000015e       0x2d ./Core/Src/led7_segment.o
 .ARM.attributes
                0x000000000000018b       0x2d ./Core/Src/main.o
 .ARM.attributes
                0x00000000000001b8       0x2d ./Core/Src/software_timer.o
 .ARM.attributes
                0x00000000000001e5       0x2d ./Core/Src/stm32f1xx_hal_msp.o
 .ARM.attributes
                0x0000000000000212       0x2d ./Core/Src/stm32f1xx_it.o
 .ARM.attributes
                0x000000000000023f       0x2d ./Core/Src/sysmem.o
 .ARM.attributes
                0x000000000000026c       0x2d ./Core/Src/system_stm32f1xx.o
 .ARM.attributes
                0x0000000000000299       0x2d ./Core/Src/traffic_light.o
 .ARM.attributes
                0x00000000000002c6       0x21 ./Core/Startup/startup_stm32f103c6tx.o
 .ARM.attributes
                0x00000000000002e7       0x2d ./Drivers/STM32F1xx_HAL_Driver/Src/stm32f1xx_hal.o
 .ARM.attributes
                0x0000000000000314       0x2d ./Drivers/STM32F1xx_HAL_Driver/Src/stm32f1xx_hal_cortex.o
 .ARM.attributes
                0x0000000000000341       0x2d ./Drivers/STM32F1xx_HAL_Driver/Src/stm32f1xx_hal_gpio.o
 .ARM.attributes
                0x000000000000036e       0x2d ./Drivers/STM32F1xx_HAL_Driver/Src/stm32f1xx_hal_rcc.o
 .ARM.attributes
                0x000000000000039b       0x2d ./Drivers/STM32F1xx_HAL_Driver/Src/stm32f1xx_hal_tim.o
 .ARM.attributes
                0x00000000000003c8       0x2d ./Drivers/STM32F1xx_HAL_Driver/Src/stm32f1xx_hal_tim_ex.o
 .ARM.attributes
                0x00000000000003f5       0x2d d:/system/st/stm32cubeide_1.7.0/stm32cubeide/plugins/com.st.stm32cube.ide.mcu.externaltools.gnu-tools-for-stm32.9-2020-q2-update.win32_2.0.0.202105311346/tools/bin/../lib/gcc/arm-none-eabi/9.3.1/../../../../arm-none-eabi/lib/thumb/v7-m/nofp\libc_nano.a(lib_a-errno.o)
 .ARM.attributes
                0x0000000000000422       0x2d d:/system/st/stm32cubeide_1.7.0/stm32cubeide/plugins/com.st.stm32cube.ide.mcu.externaltools.gnu-tools-for-stm32.9-2020-q2-update.win32_2.0.0.202105311346/tools/bin/../lib/gcc/arm-none-eabi/9.3.1/../../../../arm-none-eabi/lib/thumb/v7-m/nofp\libc_nano.a(lib_a-impure.o)
 .ARM.attributes
                0x000000000000044f       0x2d d:/system/st/stm32cubeide_1.7.0/stm32cubeide/plugins/com.st.stm32cube.ide.mcu.externaltools.gnu-tools-for-stm32.9-2020-q2-update.win32_2.0.0.202105311346/tools/bin/../lib/gcc/arm-none-eabi/9.3.1/../../../../arm-none-eabi/lib/thumb/v7-m/nofp\libc_nano.a(lib_a-init.o)
 .ARM.attributes
                0x000000000000047c       0x2d d:/system/st/stm32cubeide_1.7.0/stm32cubeide/plugins/com.st.stm32cube.ide.mcu.externaltools.gnu-tools-for-stm32.9-2020-q2-update.win32_2.0.0.202105311346/tools/bin/../lib/gcc/arm-none-eabi/9.3.1/../../../../arm-none-eabi/lib/thumb/v7-m/nofp\libc_nano.a(lib_a-malloc.o)
 .ARM.attributes
                0x00000000000004a9       0x2d d:/system/st/stm32cubeide_1.7.0/stm32cubeide/plugins/com.st.stm32cube.ide.mcu.externaltools.gnu-tools-for-stm32.9-2020-q2-update.win32_2.0.0.202105311346/tools/bin/../lib/gcc/arm-none-eabi/9.3.1/../../../../arm-none-eabi/lib/thumb/v7-m/nofp\libc_nano.a(lib_a-memset.o)
 .ARM.attributes
                0x00000000000004d6       0x2d d:/system/st/stm32cubeide_1.7.0/stm32cubeide/plugins/com.st.stm32cube.ide.mcu.externaltools.gnu-tools-for-stm32.9-2020-q2-update.win32_2.0.0.202105311346/tools/bin/../lib/gcc/arm-none-eabi/9.3.1/../../../../arm-none-eabi/lib/thumb/v7-m/nofp\libc_nano.a(lib_a-nano-freer.o)
 .ARM.attributes
                0x0000000000000503       0x2d d:/system/st/stm32cubeide_1.7.0/stm32cubeide/plugins/com.st.stm32cube.ide.mcu.externaltools.gnu-tools-for-stm32.9-2020-q2-update.win32_2.0.0.202105311346/tools/bin/../lib/gcc/arm-none-eabi/9.3.1/../../../../arm-none-eabi/lib/thumb/v7-m/nofp\libc_nano.a(lib_a-nano-mallocr.o)
 .ARM.attributes
                0x0000000000000530       0x2d d:/system/st/stm32cubeide_1.7.0/stm32cubeide/plugins/com.st.stm32cube.ide.mcu.externaltools.gnu-tools-for-stm32.9-2020-q2-update.win32_2.0.0.202105311346/tools/bin/../lib/gcc/arm-none-eabi/9.3.1/../../../../arm-none-eabi/lib/thumb/v7-m/nofp\libc_nano.a(lib_a-sbrkr.o)
 .ARM.attributes
                0x000000000000055d       0x2d d:/system/st/stm32cubeide_1.7.0/stm32cubeide/plugins/com.st.stm32cube.ide.mcu.externaltools.gnu-tools-for-stm32.9-2020-q2-update.win32_2.0.0.202105311346/tools/bin/../lib/gcc/arm-none-eabi/9.3.1/../../../../arm-none-eabi/lib/thumb/v7-m/nofp\libc_nano.a(lib_a-mlock.o)
 .ARM.attributes
                0x000000000000058a       0x2d d:/system/st/stm32cubeide_1.7.0/stm32cubeide/plugins/com.st.stm32cube.ide.mcu.externaltools.gnu-tools-for-stm32.9-2020-q2-update.win32_2.0.0.202105311346/tools/bin/../lib/gcc/arm-none-eabi/9.3.1/../../../../arm-none-eabi/lib/thumb/v7-m/nofp\libc_nano.a(lib_a-reent.o)
 .ARM.attributes
                0x00000000000005b7       0x2d d:/system/st/stm32cubeide_1.7.0/stm32cubeide/plugins/com.st.stm32cube.ide.mcu.externaltools.gnu-tools-for-stm32.9-2020-q2-update.win32_2.0.0.202105311346/tools/bin/../lib/gcc/arm-none-eabi/9.3.1/../../../../arm-none-eabi/lib/thumb/v7-m/nofp\libc_nano.a(lib_a-lock.o)
 .ARM.attributes
                0x00000000000005e4       0x1d d:/system/st/stm32cubeide_1.7.0/stm32cubeide/plugins/com.st.stm32cube.ide.mcu.externaltools.gnu-tools-for-stm32.9-2020-q2-update.win32_2.0.0.202105311346/tools/bin/../lib/gcc/arm-none-eabi/9.3.1/thumb/v7-m/nofp/crtn.o
OUTPUT(core.elf elf32-littlearm)
LOAD linker stubs
LOAD d:/system/st/stm32cubeide_1.7.0/stm32cubeide/plugins/com.st.stm32cube.ide.mcu.externaltools.gnu-tools-for-stm32.9-2020-q2-update.win32_2.0.0.202105311346/tools/bin/../lib/gcc/arm-none-eabi/9.3.1/../../../../arm-none-eabi/lib/thumb/v7-m/nofp\libc.a
LOAD d:/system/st/stm32cubeide_1.7.0/stm32cubeide/plugins/com.st.stm32cube.ide.mcu.externaltools.gnu-tools-for-stm32.9-2020-q2-update.win32_2.0.0.202105311346/tools/bin/../lib/gcc/arm-none-eabi/9.3.1/../../../../arm-none-eabi/lib/thumb/v7-m/nofp\libm.a
LOAD d:/system/st/stm32cubeide_1.7.0/stm32cubeide/plugins/com.st.stm32cube.ide.mcu.externaltools.gnu-tools-for-stm32.9-2020-q2-update.win32_2.0.0.202105311346/tools/bin/../lib/gcc/arm-none-eabi/9.3.1/thumb/v7-m/nofp\libgcc.a

.debug_info     0x0000000000000000     0xb9c7
 .debug_info    0x0000000000000000      0xacf ./Core/Src/Scheduler.o
 .debug_info    0x0000000000000acf      0x390 ./Core/Src/button.o
 .debug_info    0x0000000000000e5f      0x1fd ./Core/Src/fsm_automatic.o
 .debug_info    0x000000000000105c      0x1d9 ./Core/Src/fsm_manual.o
 .debug_info    0x0000000000001235      0x26b ./Core/Src/fsm_setting.o
 .debug_info    0x00000000000014a0      0x1f7 ./Core/Src/global.o
 .debug_info    0x0000000000001697      0x5b8 ./Core/Src/led7_segment.o
 .debug_info    0x0000000000001c4f     0x14b6 ./Core/Src/main.o
 .debug_info    0x0000000000003105      0x282 ./Core/Src/software_timer.o
 .debug_info    0x0000000000003387      0xa09 ./Core/Src/stm32f1xx_hal_msp.o
 .debug_info    0x0000000000003d90      0x7b9 ./Core/Src/stm32f1xx_it.o
 .debug_info    0x0000000000004549      0xa25 ./Core/Src/sysmem.o
 .debug_info    0x0000000000004f6e      0x2be ./Core/Src/system_stm32f1xx.o
 .debug_info    0x000000000000522c      0x32a ./Core/Src/traffic_light.o
 .debug_info    0x0000000000005556       0x22 ./Core/Startup/startup_stm32f103c6tx.o
 .debug_info    0x0000000000005578      0x74c ./Drivers/STM32F1xx_HAL_Driver/Src/stm32f1xx_hal.o
 .debug_info    0x0000000000005cc4      0xbbe ./Drivers/STM32F1xx_HAL_Driver/Src/stm32f1xx_hal_cortex.o
 .debug_info    0x0000000000006882      0x701 ./Drivers/STM32F1xx_HAL_Driver/Src/stm32f1xx_hal_gpio.o
 .debug_info    0x0000000000006f83      0x893 ./Drivers/STM32F1xx_HAL_Driver/Src/stm32f1xx_hal_rcc.o
 .debug_info    0x0000000000007816     0x2c32 ./Drivers/STM32F1xx_HAL_Driver/Src/stm32f1xx_hal_tim.o
 .debug_info    0x000000000000a448     0x157f ./Drivers/STM32F1xx_HAL_Driver/Src/stm32f1xx_hal_tim_ex.o

.debug_abbrev   0x0000000000000000     0x2242
 .debug_abbrev  0x0000000000000000      0x1fa ./Core/Src/Scheduler.o
 .debug_abbrev  0x00000000000001fa      0x1a6 ./Core/Src/button.o
 .debug_abbrev  0x00000000000003a0       0xce ./Core/Src/fsm_automatic.o
 .debug_abbrev  0x000000000000046e       0xbb ./Core/Src/fsm_manual.o
 .debug_abbrev  0x0000000000000529       0xfb ./Core/Src/fsm_setting.o
 .debug_abbrev  0x0000000000000624       0xae ./Core/Src/global.o
 .debug_abbrev  0x00000000000006d2      0x1ee ./Core/Src/led7_segment.o
 .debug_abbrev  0x00000000000008c0      0x2b5 ./Core/Src/main.o
 .debug_abbrev  0x0000000000000b75      0x12e ./Core/Src/software_timer.o
 .debug_abbrev  0x0000000000000ca3      0x1b7 ./Core/Src/stm32f1xx_hal_msp.o
 .debug_abbrev  0x0000000000000e5a      0x176 ./Core/Src/stm32f1xx_it.o
 .debug_abbrev  0x0000000000000fd0      0x1bf ./Core/Src/sysmem.o
 .debug_abbrev  0x000000000000118f      0x14e ./Core/Src/system_stm32f1xx.o
 .debug_abbrev  0x00000000000012dd      0x134 ./Core/Src/traffic_light.o
 .debug_abbrev  0x0000000000001411       0x12 ./Core/Startup/startup_stm32f103c6tx.o
 .debug_abbrev  0x0000000000001423      0x1ed ./Drivers/STM32F1xx_HAL_Driver/Src/stm32f1xx_hal.o
 .debug_abbrev  0x0000000000001610      0x313 ./Drivers/STM32F1xx_HAL_Driver/Src/stm32f1xx_hal_cortex.o
 .debug_abbrev  0x0000000000001923      0x1e8 ./Drivers/STM32F1xx_HAL_Driver/Src/stm32f1xx_hal_gpio.o
 .debug_abbrev  0x0000000000001b0b      0x273 ./Drivers/STM32F1xx_HAL_Driver/Src/stm32f1xx_hal_rcc.o
 .debug_abbrev  0x0000000000001d7e      0x25e ./Drivers/STM32F1xx_HAL_Driver/Src/stm32f1xx_hal_tim.o
 .debug_abbrev  0x0000000000001fdc      0x266 ./Drivers/STM32F1xx_HAL_Driver/Src/stm32f1xx_hal_tim_ex.o

.debug_aranges  0x0000000000000000      0xb28
 .debug_aranges
                0x0000000000000000       0x40 ./Core/Src/Scheduler.o
 .debug_aranges
                0x0000000000000040       0x38 ./Core/Src/button.o
 .debug_aranges
                0x0000000000000078       0x20 ./Core/Src/fsm_automatic.o
 .debug_aranges
                0x0000000000000098       0x20 ./Core/Src/fsm_manual.o
 .debug_aranges
                0x00000000000000b8       0x20 ./Core/Src/fsm_setting.o
 .debug_aranges
                0x00000000000000d8       0x18 ./Core/Src/global.o
 .debug_aranges
                0x00000000000000f0       0x50 ./Core/Src/led7_segment.o
 .debug_aranges
                0x0000000000000140       0x50 ./Core/Src/main.o
 .debug_aranges
                0x0000000000000190       0x38 ./Core/Src/software_timer.o
 .debug_aranges
                0x00000000000001c8       0x30 ./Core/Src/stm32f1xx_hal_msp.o
 .debug_aranges
                0x00000000000001f8       0x68 ./Core/Src/stm32f1xx_it.o
 .debug_aranges
                0x0000000000000260       0x20 ./Core/Src/sysmem.o
 .debug_aranges
                0x0000000000000280       0x28 ./Core/Src/system_stm32f1xx.o
 .debug_aranges
                0x00000000000002a8       0x58 ./Core/Src/traffic_light.o
 .debug_aranges
                0x0000000000000300       0x28 ./Core/Startup/startup_stm32f103c6tx.o
 .debug_aranges
                0x0000000000000328       0xe0 ./Drivers/STM32F1xx_HAL_Driver/Src/stm32f1xx_hal.o
 .debug_aranges
                0x0000000000000408      0x100 ./Drivers/STM32F1xx_HAL_Driver/Src/stm32f1xx_hal_cortex.o
 .debug_aranges
                0x0000000000000508       0x58 ./Drivers/STM32F1xx_HAL_Driver/Src/stm32f1xx_hal_gpio.o
 .debug_aranges
                0x0000000000000560       0x90 ./Drivers/STM32F1xx_HAL_Driver/Src/stm32f1xx_hal_rcc.o
 .debug_aranges
                0x00000000000005f0      0x3d0 ./Drivers/STM32F1xx_HAL_Driver/Src/stm32f1xx_hal_tim.o
 .debug_aranges
                0x00000000000009c0      0x168 ./Drivers/STM32F1xx_HAL_Driver/Src/stm32f1xx_hal_tim_ex.o

.debug_ranges   0x0000000000000000      0x9d8
 .debug_ranges  0x0000000000000000       0x30 ./Core/Src/Scheduler.o
 .debug_ranges  0x0000000000000030       0x28 ./Core/Src/button.o
 .debug_ranges  0x0000000000000058       0x10 ./Core/Src/fsm_automatic.o
 .debug_ranges  0x0000000000000068       0x10 ./Core/Src/fsm_manual.o
 .debug_ranges  0x0000000000000078       0x10 ./Core/Src/fsm_setting.o
 .debug_ranges  0x0000000000000088       0x40 ./Core/Src/led7_segment.o
 .debug_ranges  0x00000000000000c8       0x40 ./Core/Src/main.o
 .debug_ranges  0x0000000000000108       0x28 ./Core/Src/software_timer.o
 .debug_ranges  0x0000000000000130       0x20 ./Core/Src/stm32f1xx_hal_msp.o
 .debug_ranges  0x0000000000000150       0x58 ./Core/Src/stm32f1xx_it.o
 .debug_ranges  0x00000000000001a8       0x10 ./Core/Src/sysmem.o
 .debug_ranges  0x00000000000001b8       0x18 ./Core/Src/system_stm32f1xx.o
 .debug_ranges  0x00000000000001d0       0x48 ./Core/Src/traffic_light.o
 .debug_ranges  0x0000000000000218       0x20 ./Core/Startup/startup_stm32f103c6tx.o
 .debug_ranges  0x0000000000000238       0xd0 ./Drivers/STM32F1xx_HAL_Driver/Src/stm32f1xx_hal.o
 .debug_ranges  0x0000000000000308       0xf0 ./Drivers/STM32F1xx_HAL_Driver/Src/stm32f1xx_hal_cortex.o
 .debug_ranges  0x00000000000003f8       0x48 ./Drivers/STM32F1xx_HAL_Driver/Src/stm32f1xx_hal_gpio.o
 .debug_ranges  0x0000000000000440       0x80 ./Drivers/STM32F1xx_HAL_Driver/Src/stm32f1xx_hal_rcc.o
 .debug_ranges  0x00000000000004c0      0x3c0 ./Drivers/STM32F1xx_HAL_Driver/Src/stm32f1xx_hal_tim.o
 .debug_ranges  0x0000000000000880      0x158 ./Drivers/STM32F1xx_HAL_Driver/Src/stm32f1xx_hal_tim_ex.o

.debug_macro    0x0000000000000000    0x18568
 .debug_macro   0x0000000000000000      0x13e ./Core/Src/Scheduler.o
 .debug_macro   0x000000000000013e      0xa9c ./Core/Src/Scheduler.o
 .debug_macro   0x0000000000000bda       0x18 ./Core/Src/Scheduler.o
 .debug_macro   0x0000000000000bf2       0x22 ./Core/Src/Scheduler.o
 .debug_macro   0x0000000000000c14       0x4c ./Core/Src/Scheduler.o
 .debug_macro   0x0000000000000c60       0x94 ./Core/Src/Scheduler.o
 .debug_macro   0x0000000000000cf4       0x3c ./Core/Src/Scheduler.o
 .debug_macro   0x0000000000000d30       0x34 ./Core/Src/Scheduler.o
 .debug_macro   0x0000000000000d64       0x16 ./Core/Src/Scheduler.o
 .debug_macro   0x0000000000000d7a      0x10e ./Core/Src/Scheduler.o
 .debug_macro   0x0000000000000e88       0x8d ./Core/Src/Scheduler.o
 .debug_macro   0x0000000000000f15       0x16 ./Core/Src/Scheduler.o
 .debug_macro   0x0000000000000f2b       0x43 ./Core/Src/Scheduler.o
 .debug_macro   0x0000000000000f6e       0x57 ./Core/Src/Scheduler.o
 .debug_macro   0x0000000000000fc5       0x34 ./Core/Src/Scheduler.o
 .debug_macro   0x0000000000000ff9       0x10 ./Core/Src/Scheduler.o
 .debug_macro   0x0000000000001009       0x58 ./Core/Src/Scheduler.o
 .debug_macro   0x0000000000001061       0x71 ./Core/Src/Scheduler.o
 .debug_macro   0x00000000000010d2       0x1c ./Core/Src/Scheduler.o
 .debug_macro   0x00000000000010ee      0x12a ./Core/Src/Scheduler.o
 .debug_macro   0x0000000000001218      0x339 ./Core/Src/Scheduler.o
 .debug_macro   0x0000000000001551       0x16 ./Core/Src/Scheduler.o
 .debug_macro   0x0000000000001567       0x29 ./Core/Src/Scheduler.o
 .debug_macro   0x0000000000001590      0x103 ./Core/Src/Scheduler.o
 .debug_macro   0x0000000000001693       0x6a ./Core/Src/Scheduler.o
 .debug_macro   0x00000000000016fd      0x1df ./Core/Src/Scheduler.o
 .debug_macro   0x00000000000018dc      0x1cd ./Core/Src/button.o
 .debug_macro   0x0000000000001aa9      0x215 ./Core/Src/button.o
 .debug_macro   0x0000000000001cbe       0x2e ./Core/Src/button.o
 .debug_macro   0x0000000000001cec       0x22 ./Core/Src/button.o
 .debug_macro   0x0000000000001d0e       0x8e ./Core/Src/button.o
 .debug_macro   0x0000000000001d9c       0x51 ./Core/Src/button.o
 .debug_macro   0x0000000000001ded       0x1c ./Core/Src/button.o
 .debug_macro   0x0000000000001e09       0x22 ./Core/Src/button.o
 .debug_macro   0x0000000000001e2b       0xc3 ./Core/Src/button.o
 .debug_macro   0x0000000000001eee      0xd23 ./Core/Src/button.o
 .debug_macro   0x0000000000002c11     0xde75 ./Core/Src/button.o
 .debug_macro   0x0000000000010a86       0x6d ./Core/Src/button.o
 .debug_macro   0x0000000000010af3     0x34a2 ./Core/Src/button.o
 .debug_macro   0x0000000000013f95      0x174 ./Core/Src/button.o
 .debug_macro   0x0000000000014109       0x5c ./Core/Src/button.o
 .debug_macro   0x0000000000014165      0x5bc ./Core/Src/button.o
 .debug_macro   0x0000000000014721      0x1b7 ./Core/Src/button.o
 .debug_macro   0x00000000000148d8      0x1cb ./Core/Src/button.o
 .debug_macro   0x0000000000014aa3      0x114 ./Core/Src/button.o
 .debug_macro   0x0000000000014bb7      0x1b2 ./Core/Src/button.o
 .debug_macro   0x0000000000014d69       0x27 ./Core/Src/button.o
 .debug_macro   0x0000000000014d90      0x12f ./Core/Src/button.o
 .debug_macro   0x0000000000014ebf      0x1bc ./Core/Src/button.o
 .debug_macro   0x000000000001507b       0x34 ./Core/Src/button.o
 .debug_macro   0x00000000000150af       0x3c ./Core/Src/button.o
 .debug_macro   0x00000000000150eb       0x57 ./Core/Src/button.o
 .debug_macro   0x0000000000015142       0x87 ./Core/Src/button.o
 .debug_macro   0x00000000000151c9      0x183 ./Core/Src/button.o
 .debug_macro   0x000000000001534c      0x140 ./Core/Src/button.o
 .debug_macro   0x000000000001548c      0x8ed ./Core/Src/button.o
 .debug_macro   0x0000000000015d79       0x69 ./Core/Src/button.o
 .debug_macro   0x0000000000015de2      0x100 ./Core/Src/button.o
 .debug_macro   0x0000000000015ee2       0x22 ./Core/Src/button.o
 .debug_macro   0x0000000000015f04      0x1eb ./Core/Src/fsm_automatic.o
 .debug_macro   0x00000000000160ef       0x28 ./Core/Src/fsm_automatic.o
 .debug_macro   0x0000000000016117       0x16 ./Core/Src/fsm_automatic.o
 .debug_macro   0x000000000001612d       0x40 ./Core/Src/fsm_automatic.o
 .debug_macro   0x000000000001616d      0x1eb ./Core/Src/fsm_manual.o
 .debug_macro   0x0000000000016358      0x1e5 ./Core/Src/fsm_setting.o
 .debug_macro   0x000000000001653d      0x1db ./Core/Src/global.o
 .debug_macro   0x0000000000016718      0x1c1 ./Core/Src/led7_segment.o
 .debug_macro   0x00000000000168d9       0x10 ./Core/Src/led7_segment.o
 .debug_macro   0x00000000000168e9      0x2e5 ./Core/Src/main.o
 .debug_macro   0x0000000000016bce       0x52 ./Core/Src/main.o
 .debug_macro   0x0000000000016c20       0x35 ./Core/Src/main.o
 .debug_macro   0x0000000000016c55      0x333 ./Core/Src/main.o
 .debug_macro   0x0000000000016f88      0x1c5 ./Core/Src/software_timer.o
 .debug_macro   0x000000000001714d      0x1a6 ./Core/Src/stm32f1xx_hal_msp.o
 .debug_macro   0x00000000000172f3      0x1b0 ./Core/Src/stm32f1xx_it.o
 .debug_macro   0x00000000000174a3       0xff ./Core/Src/sysmem.o
 .debug_macro   0x00000000000175a2      0x23b ./Core/Src/sysmem.o
 .debug_macro   0x00000000000177dd      0x197 ./Core/Src/system_stm32f1xx.o
 .debug_macro   0x0000000000017974      0x1c8 ./Core/Src/traffic_light.o
 .debug_macro   0x0000000000017b3c      0x1bb ./Drivers/STM32F1xx_HAL_Driver/Src/stm32f1xx_hal.o
 .debug_macro   0x0000000000017cf7      0x197 ./Drivers/STM32F1xx_HAL_Driver/Src/stm32f1xx_hal_cortex.o
 .debug_macro   0x0000000000017e8e      0x202 ./Drivers/STM32F1xx_HAL_Driver/Src/stm32f1xx_hal_gpio.o
 .debug_macro   0x0000000000018090      0x1a9 ./Drivers/STM32F1xx_HAL_Driver/Src/stm32f1xx_hal_rcc.o
 .debug_macro   0x0000000000018239      0x198 ./Drivers/STM32F1xx_HAL_Driver/Src/stm32f1xx_hal_tim.o
 .debug_macro   0x00000000000183d1      0x197 ./Drivers/STM32F1xx_HAL_Driver/Src/stm32f1xx_hal_tim_ex.o

.debug_line     0x0000000000000000     0xdca3
 .debug_line    0x0000000000000000      0x6bb ./Core/Src/Scheduler.o
 .debug_line    0x00000000000006bb      0x767 ./Core/Src/button.o
 .debug_line    0x0000000000000e22      0x774 ./Core/Src/fsm_automatic.o
 .debug_line    0x0000000000001596      0x7ae ./Core/Src/fsm_manual.o
 .debug_line    0x0000000000001d44      0x748 ./Core/Src/fsm_setting.o
 .debug_line    0x000000000000248c      0x6ae ./Core/Src/global.o
 .debug_line    0x0000000000002b3a      0x7af ./Core/Src/led7_segment.o
 .debug_line    0x00000000000032e9      0x9ab ./Core/Src/main.o
 .debug_line    0x0000000000003c94      0x703 ./Core/Src/software_timer.o
 .debug_line    0x0000000000004397      0x6bd ./Core/Src/stm32f1xx_hal_msp.o
 .debug_line    0x0000000000004a54      0x75b ./Core/Src/stm32f1xx_it.o
 .debug_line    0x00000000000051af      0x51b ./Core/Src/sysmem.o
 .debug_line    0x00000000000056ca      0x6ff ./Core/Src/system_stm32f1xx.o
 .debug_line    0x0000000000005dc9      0x76e ./Core/Src/traffic_light.o
 .debug_line    0x0000000000006537       0x86 ./Core/Startup/startup_stm32f103c6tx.o
 .debug_line    0x00000000000065bd      0x92c ./Drivers/STM32F1xx_HAL_Driver/Src/stm32f1xx_hal.o
 .debug_line    0x0000000000006ee9      0xb14 ./Drivers/STM32F1xx_HAL_Driver/Src/stm32f1xx_hal_cortex.o
 .debug_line    0x00000000000079fd      0x9af ./Drivers/STM32F1xx_HAL_Driver/Src/stm32f1xx_hal_gpio.o
 .debug_line    0x00000000000083ac      0xd38 ./Drivers/STM32F1xx_HAL_Driver/Src/stm32f1xx_hal_rcc.o
 .debug_line    0x00000000000090e4     0x337d ./Drivers/STM32F1xx_HAL_Driver/Src/stm32f1xx_hal_tim.o
 .debug_line    0x000000000000c461     0x1842 ./Drivers/STM32F1xx_HAL_Driver/Src/stm32f1xx_hal_tim_ex.o

.debug_str      0x0000000000000000    0x85f8b
 .debug_str     0x0000000000000000     0x70da ./Core/Src/Scheduler.o
                                       0x7364 (size before relaxing)
 .debug_str     0x00000000000070da    0x7bb35 ./Core/Src/button.o
                                      0x7fca7 (size before relaxing)
 .debug_str     0x0000000000082c0f      0x191 ./Core/Src/fsm_automatic.o
                                      0x7fd0a (size before relaxing)
 .debug_str     0x0000000000082da0       0x46 ./Core/Src/fsm_manual.o
                                      0x7fcec (size before relaxing)
 .debug_str     0x0000000000082de6       0x3a ./Core/Src/fsm_setting.o
                                      0x7fd0b (size before relaxing)
 .debug_str     0x0000000000082e20       0x15 ./Core/Src/global.o
                                      0x7fcbb (size before relaxing)
 .debug_str     0x0000000000082e35      0x1c6 ./Core/Src/led7_segment.o
                                      0x7fd5f (size before relaxing)
 .debug_str     0x0000000000082ffb      0x6e2 ./Core/Src/main.o
                                      0x83759 (size before relaxing)
 .debug_str     0x00000000000836dd       0x70 ./Core/Src/software_timer.o
                                      0x7fc0e (size before relaxing)
 .debug_str     0x000000000008374d      0x2ba ./Core/Src/stm32f1xx_hal_msp.o
                                      0x8030d (size before relaxing)
 .debug_str     0x0000000000083a07       0xcd ./Core/Src/stm32f1xx_it.o
                                      0x8006f (size before relaxing)
 .debug_str     0x0000000000083ad4      0x4e9 ./Core/Src/sysmem.o
                                       0x6282 (size before relaxing)
 .debug_str     0x0000000000083fbd       0x52 ./Core/Src/system_stm32f1xx.o
                                      0x7f7a2 (size before relaxing)
 .debug_str     0x000000000008400f      0x117 ./Core/Src/traffic_light.o
                                      0x7fc5c (size before relaxing)
 .debug_str     0x0000000000084126       0x36 ./Core/Startup/startup_stm32f103c6tx.o
                                         0x96 (size before relaxing)
 .debug_str     0x000000000008415c      0x304 ./Drivers/STM32F1xx_HAL_Driver/Src/stm32f1xx_hal.o
                                      0x7fdf9 (size before relaxing)
 .debug_str     0x0000000000084460      0x300 ./Drivers/STM32F1xx_HAL_Driver/Src/stm32f1xx_hal_cortex.o
                                      0x7fe01 (size before relaxing)
 .debug_str     0x0000000000084760      0x310 ./Drivers/STM32F1xx_HAL_Driver/Src/stm32f1xx_hal_gpio.o
                                      0x7fb66 (size before relaxing)
 .debug_str     0x0000000000084a70      0x24f ./Drivers/STM32F1xx_HAL_Driver/Src/stm32f1xx_hal_rcc.o
                                      0x7fb9f (size before relaxing)
 .debug_str     0x0000000000084cbf      0xdde ./Drivers/STM32F1xx_HAL_Driver/Src/stm32f1xx_hal_tim.o
                                      0x80b88 (size before relaxing)
 .debug_str     0x0000000000085a9d      0x4ee ./Drivers/STM32F1xx_HAL_Driver/Src/stm32f1xx_hal_tim_ex.o
                                      0x80329 (size before relaxing)

.comment        0x0000000000000000       0x53
 .comment       0x0000000000000000       0x53 ./Core/Src/Scheduler.o
                                         0x54 (size before relaxing)
 .comment       0x0000000000000053       0x54 ./Core/Src/button.o
 .comment       0x0000000000000053       0x54 ./Core/Src/fsm_automatic.o
 .comment       0x0000000000000053       0x54 ./Core/Src/fsm_manual.o
 .comment       0x0000000000000053       0x54 ./Core/Src/fsm_setting.o
 .comment       0x0000000000000053       0x54 ./Core/Src/global.o
 .comment       0x0000000000000053       0x54 ./Core/Src/led7_segment.o
 .comment       0x0000000000000053       0x54 ./Core/Src/main.o
 .comment       0x0000000000000053       0x54 ./Core/Src/software_timer.o
 .comment       0x0000000000000053       0x54 ./Core/Src/stm32f1xx_hal_msp.o
 .comment       0x0000000000000053       0x54 ./Core/Src/stm32f1xx_it.o
 .comment       0x0000000000000053       0x54 ./Core/Src/sysmem.o
 .comment       0x0000000000000053       0x54 ./Core/Src/system_stm32f1xx.o
 .comment       0x0000000000000053       0x54 ./Core/Src/traffic_light.o
 .comment       0x0000000000000053       0x54 ./Drivers/STM32F1xx_HAL_Driver/Src/stm32f1xx_hal.o
 .comment       0x0000000000000053       0x54 ./Drivers/STM32F1xx_HAL_Driver/Src/stm32f1xx_hal_cortex.o
 .comment       0x0000000000000053       0x54 ./Drivers/STM32F1xx_HAL_Driver/Src/stm32f1xx_hal_gpio.o
 .comment       0x0000000000000053       0x54 ./Drivers/STM32F1xx_HAL_Driver/Src/stm32f1xx_hal_rcc.o
 .comment       0x0000000000000053       0x54 ./Drivers/STM32F1xx_HAL_Driver/Src/stm32f1xx_hal_tim.o
 .comment       0x0000000000000053       0x54 ./Drivers/STM32F1xx_HAL_Driver/Src/stm32f1xx_hal_tim_ex.o

.debug_frame    0x0000000000000000     0x2d24
 .debug_frame   0x0000000000000000       0xc0 ./Core/Src/Scheduler.o
 .debug_frame   0x00000000000000c0       0xac ./Core/Src/button.o
 .debug_frame   0x000000000000016c       0x2c ./Core/Src/fsm_automatic.o
 .debug_frame   0x0000000000000198       0x2c ./Core/Src/fsm_manual.o
 .debug_frame   0x00000000000001c4       0x2c ./Core/Src/fsm_setting.o
 .debug_frame   0x00000000000001f0      0x118 ./Core/Src/led7_segment.o
 .debug_frame   0x0000000000000308       0xf4 ./Core/Src/main.o
 .debug_frame   0x00000000000003fc       0xb0 ./Core/Src/software_timer.o
 .debug_frame   0x00000000000004ac       0x80 ./Core/Src/stm32f1xx_hal_msp.o
 .debug_frame   0x000000000000052c      0x120 ./Core/Src/stm32f1xx_it.o
 .debug_frame   0x000000000000064c       0x34 ./Core/Src/sysmem.o
 .debug_frame   0x0000000000000680       0x58 ./Core/Src/system_stm32f1xx.o
 .debug_frame   0x00000000000006d8      0x134 ./Core/Src/traffic_light.o
 .debug_frame   0x000000000000080c      0x334 ./Drivers/STM32F1xx_HAL_Driver/Src/stm32f1xx_hal.o
 .debug_frame   0x0000000000000b40      0x428 ./Drivers/STM32F1xx_HAL_Driver/Src/stm32f1xx_hal_cortex.o
 .debug_frame   0x0000000000000f68      0x14c ./Drivers/STM32F1xx_HAL_Driver/Src/stm32f1xx_hal_gpio.o
 .debug_frame   0x00000000000010b4      0x218 ./Drivers/STM32F1xx_HAL_Driver/Src/stm32f1xx_hal_rcc.o
 .debug_frame   0x00000000000012cc     0x11b4 ./Drivers/STM32F1xx_HAL_Driver/Src/stm32f1xx_hal_tim.o
 .debug_frame   0x0000000000002480      0x638 ./Drivers/STM32F1xx_HAL_Driver/Src/stm32f1xx_hal_tim_ex.o
 .debug_frame   0x0000000000002ab8       0x20 d:/system/st/stm32cubeide_1.7.0/stm32cubeide/plugins/com.st.stm32cube.ide.mcu.externaltools.gnu-tools-for-stm32.9-2020-q2-update.win32_2.0.0.202105311346/tools/bin/../lib/gcc/arm-none-eabi/9.3.1/../../../../arm-none-eabi/lib/thumb/v7-m/nofp\libc_nano.a(lib_a-errno.o)
 .debug_frame   0x0000000000002ad8       0x2c d:/system/st/stm32cubeide_1.7.0/stm32cubeide/plugins/com.st.stm32cube.ide.mcu.externaltools.gnu-tools-for-stm32.9-2020-q2-update.win32_2.0.0.202105311346/tools/bin/../lib/gcc/arm-none-eabi/9.3.1/../../../../arm-none-eabi/lib/thumb/v7-m/nofp\libc_nano.a(lib_a-init.o)
 .debug_frame   0x0000000000002b04       0x30 d:/system/st/stm32cubeide_1.7.0/stm32cubeide/plugins/com.st.stm32cube.ide.mcu.externaltools.gnu-tools-for-stm32.9-2020-q2-update.win32_2.0.0.202105311346/tools/bin/../lib/gcc/arm-none-eabi/9.3.1/../../../../arm-none-eabi/lib/thumb/v7-m/nofp\libc_nano.a(lib_a-malloc.o)
 .debug_frame   0x0000000000002b34       0x20 d:/system/st/stm32cubeide_1.7.0/stm32cubeide/plugins/com.st.stm32cube.ide.mcu.externaltools.gnu-tools-for-stm32.9-2020-q2-update.win32_2.0.0.202105311346/tools/bin/../lib/gcc/arm-none-eabi/9.3.1/../../../../arm-none-eabi/lib/thumb/v7-m/nofp\libc_nano.a(lib_a-memset.o)
 .debug_frame   0x0000000000002b54       0x38 d:/system/st/stm32cubeide_1.7.0/stm32cubeide/plugins/com.st.stm32cube.ide.mcu.externaltools.gnu-tools-for-stm32.9-2020-q2-update.win32_2.0.0.202105311346/tools/bin/../lib/gcc/arm-none-eabi/9.3.1/../../../../arm-none-eabi/lib/thumb/v7-m/nofp\libc_nano.a(lib_a-nano-freer.o)
 .debug_frame   0x0000000000002b8c       0x30 d:/system/st/stm32cubeide_1.7.0/stm32cubeide/plugins/com.st.stm32cube.ide.mcu.externaltools.gnu-tools-for-stm32.9-2020-q2-update.win32_2.0.0.202105311346/tools/bin/../lib/gcc/arm-none-eabi/9.3.1/../../../../arm-none-eabi/lib/thumb/v7-m/nofp\libc_nano.a(lib_a-nano-mallocr.o)
 .debug_frame   0x0000000000002bbc       0x2c d:/system/st/stm32cubeide_1.7.0/stm32cubeide/plugins/com.st.stm32cube.ide.mcu.externaltools.gnu-tools-for-stm32.9-2020-q2-update.win32_2.0.0.202105311346/tools/bin/../lib/gcc/arm-none-eabi/9.3.1/../../../../arm-none-eabi/lib/thumb/v7-m/nofp\libc_nano.a(lib_a-sbrkr.o)
 .debug_frame   0x0000000000002be8       0x30 d:/system/st/stm32cubeide_1.7.0/stm32cubeide/plugins/com.st.stm32cube.ide.mcu.externaltools.gnu-tools-for-stm32.9-2020-q2-update.win32_2.0.0.202105311346/tools/bin/../lib/gcc/arm-none-eabi/9.3.1/../../../../arm-none-eabi/lib/thumb/v7-m/nofp\libc_nano.a(lib_a-mlock.o)
 .debug_frame   0x0000000000002c18       0x5c d:/system/st/stm32cubeide_1.7.0/stm32cubeide/plugins/com.st.stm32cube.ide.mcu.externaltools.gnu-tools-for-stm32.9-2020-q2-update.win32_2.0.0.202105311346/tools/bin/../lib/gcc/arm-none-eabi/9.3.1/../../../../arm-none-eabi/lib/thumb/v7-m/nofp\libc_nano.a(lib_a-reent.o)
 .debug_frame   0x0000000000002c74       0xb0 d:/system/st/stm32cubeide_1.7.0/stm32cubeide/plugins/com.st.stm32cube.ide.mcu.externaltools.gnu-tools-for-stm32.9-2020-q2-update.win32_2.0.0.202105311346/tools/bin/../lib/gcc/arm-none-eabi/9.3.1/../../../../arm-none-eabi/lib/thumb/v7-m/nofp\libc_nano.a(lib_a-lock.o)
